Archive member included to satisfy reference by file (symbol)

C:\tmp\arduino_build_557519/core\core.a(startup_stm32XXXXxe.S.o)
                              (Reset_Handler)
C:\tmp\arduino_build_557519/core\core.a(hooks.c.o)
                              C:\tmp\arduino_build_557519\sketch\F103R6_Blink.ino.cpp.o (yield)
C:\tmp\arduino_build_557519/core\core.a(stm32_gpio.c.o)
                              C:\tmp\arduino_build_557519\sketch\F103R6_Blink.ino.cpp.o (pinModeLL)
C:\tmp\arduino_build_557519/core\core.a(stm32_pin_list.c.o)
                              C:\tmp\arduino_build_557519/core\core.a(stm32_gpio.c.o) (variant_pin_list)
C:\tmp\arduino_build_557519/core\core.a(stm32XXxx_hal.c.o)
                              C:\tmp\arduino_build_557519\sketch\F103R6_Blink.ino.cpp.o (HAL_GetTick)
C:\tmp\arduino_build_557519/core\core.a(stm32XXxx_hal_ex.c.o)
                              C:\tmp\arduino_build_557519/core\core.a(stm32XXxx_hal.c.o) (HAL_ADCEx_InjectedConvCpltCallback)
C:\tmp\arduino_build_557519/core\core.a(system_stm32XXxx.c.o)
                              C:\tmp\arduino_build_557519/core\core.a(startup_stm32XXXXxe.S.o) (SystemInit)
C:\tmp\arduino_build_557519/core\core.a(Print.cpp.o)
                              C:\tmp\arduino_build_557519\sketch\F103R6_Blink.ino.cpp.o (Print::println(char const*))
C:\tmp\arduino_build_557519/core\core.a(abi.cpp.o)
                              C:\tmp\arduino_build_557519/core\core.a(Print.cpp.o) (__cxa_pure_virtual)
C:\tmp\arduino_build_557519/core\core.a(main.cpp.o)
                              c:/users/hw/appdata/local/arduino15/packages/arduino/tools/arm-none-eabi-gcc/5.4.1-2016q2/bin/../lib/gcc/arm-none-eabi/5.4.1/../../../../arm-none-eabi/lib/armv7-m/crt0.o (main)
C:\tmp\arduino_build_557519/core\core.a(HardwareSerial.cpp.o)
                              C:\tmp\arduino_build_557519\sketch\F103R6_Blink.ino.cpp.o (HardwareSerial::read())
C:\tmp\arduino_build_557519/core\core.a(STM32System.cpp.o)
                              C:\tmp\arduino_build_557519/core\core.a(Print.cpp.o) (stm32SetPrintOutput)
C:\tmp\arduino_build_557519/core\core.a(stm32_PWM.c.o)
                              C:\tmp\arduino_build_557519/core\core.a(stm32_gpio.c.o) (stm32_pwm_disable_callback)
C:\tmp\arduino_build_557519/core\core.a(stm32_gpio_af.c.o)
                              C:\tmp\arduino_build_557519/core\core.a(HardwareSerial.cpp.o) (stm32AfUARTInit)
C:\tmp\arduino_build_557519/core\core.a(stm32_gpio_af_F1.c.o)
                              C:\tmp\arduino_build_557519/core\core.a(stm32_gpio_af.c.o) (stm32AfInitSpeed)
C:\tmp\arduino_build_557519/core\core.a(stm32_init.c.o)
                              C:\tmp\arduino_build_557519/core\core.a(main.cpp.o) (init)
c:/users/hw/appdata/local/arduino15/packages/arduino/tools/arm-none-eabi-gcc/5.4.1-2016q2/bin/../lib/gcc/arm-none-eabi/5.4.1/../../../../arm-none-eabi/lib/armv7-m\libc_nano.a(lib_a-exit.o)
                              c:/users/hw/appdata/local/arduino15/packages/arduino/tools/arm-none-eabi-gcc/5.4.1-2016q2/bin/../lib/gcc/arm-none-eabi/5.4.1/../../../../arm-none-eabi/lib/armv7-m/crt0.o (exit)
c:/users/hw/appdata/local/arduino15/packages/arduino/tools/arm-none-eabi-gcc/5.4.1-2016q2/bin/../lib/gcc/arm-none-eabi/5.4.1/../../../../arm-none-eabi/lib/armv7-m\libc_nano.a(lib_a-impure.o)
                              c:/users/hw/appdata/local/arduino15/packages/arduino/tools/arm-none-eabi-gcc/5.4.1-2016q2/bin/../lib/gcc/arm-none-eabi/5.4.1/../../../../arm-none-eabi/lib/armv7-m\libc_nano.a(lib_a-exit.o) (_global_impure_ptr)
c:/users/hw/appdata/local/arduino15/packages/arduino/tools/arm-none-eabi-gcc/5.4.1-2016q2/bin/../lib/gcc/arm-none-eabi/5.4.1/../../../../arm-none-eabi/lib/armv7-m\libc_nano.a(lib_a-init.o)
                              c:/users/hw/appdata/local/arduino15/packages/arduino/tools/arm-none-eabi-gcc/5.4.1-2016q2/bin/../lib/gcc/arm-none-eabi/5.4.1/../../../../arm-none-eabi/lib/armv7-m/crt0.o (__libc_init_array)
c:/users/hw/appdata/local/arduino15/packages/arduino/tools/arm-none-eabi-gcc/5.4.1-2016q2/bin/../lib/gcc/arm-none-eabi/5.4.1/../../../../arm-none-eabi/lib/armv7-m\libc_nano.a(lib_a-malloc.o)
                              C:\tmp\arduino_build_557519/core\core.a(HardwareSerial.cpp.o) (malloc)
c:/users/hw/appdata/local/arduino15/packages/arduino/tools/arm-none-eabi-gcc/5.4.1-2016q2/bin/../lib/gcc/arm-none-eabi/5.4.1/../../../../arm-none-eabi/lib/armv7-m\libc_nano.a(lib_a-memset.o)
                              c:/users/hw/appdata/local/arduino15/packages/arduino/tools/arm-none-eabi-gcc/5.4.1-2016q2/bin/../lib/gcc/arm-none-eabi/5.4.1/../../../../arm-none-eabi/lib/armv7-m/crt0.o (memset)
c:/users/hw/appdata/local/arduino15/packages/arduino/tools/arm-none-eabi-gcc/5.4.1-2016q2/bin/../lib/gcc/arm-none-eabi/5.4.1/../../../../arm-none-eabi/lib/armv7-m\libc_nano.a(lib_a-nano-freer.o)
[...]
Memory Configuration

Name             Origin             Length             Attributes
FLASH            0x08000000         0x00008000         xr
RAM              0x20000000         0x00002800         xrw
*default*        0x00000000         0xffffffff

Linker script and memory map

LOAD c:/users/hw/appdata/local/arduino15/packages/arduino/tools/arm-none-eabi-gcc/5.4.1-2016q2/bin/../lib/gcc/arm-none-eabi/5.4.1/armv7-m/crti.o
LOAD c:/users/hw/appdata/local/arduino15/packages/arduino/tools/arm-none-eabi-gcc/5.4.1-2016q2/bin/../lib/gcc/arm-none-eabi/5.4.1/armv7-m/crtbegin.o
LOAD c:/users/hw/appdata/local/arduino15/packages/arduino/tools/arm-none-eabi-gcc/5.4.1-2016q2/bin/../lib/gcc/arm-none-eabi/5.4.1/../../../../arm-none-eabi/lib/armv7-m/crt0.o
START GROUP
LOAD C:\tmp\arduino_build_557519\sketch\F103R6_Blink.ino.cpp.o
LOAD C:\tmp\arduino_build_557519\core\variant.c.o
LOAD C:\tmp\arduino_build_557519/core\core.a
LOAD c:/users/hw/appdata/local/arduino15/packages/arduino/tools/arm-none-eabi-gcc/5.4.1-2016q2/bin/../lib/gcc/arm-none-eabi/5.4.1/../../../../arm-none-eabi/lib/armv7-m\libstdc++_nano.a
LOAD c:/users/hw/appdata/local/arduino15/packages/arduino/tools/arm-none-eabi-gcc/5.4.1-2016q2/bin/../lib/gcc/arm-none-eabi/5.4.1/../../../../arm-none-eabi/lib/armv7-m\libc_nano.a
END GROUP
LOAD c:/users/hw/appdata/local/arduino15/packages/arduino/tools/arm-none-eabi-gcc/5.4.1-2016q2/bin/../lib/gcc/arm-none-eabi/5.4.1/../../../../arm-none-eabi/lib/armv7-m\libm.a
LOAD c:/users/hw/appdata/local/arduino15/packages/arduino/tools/arm-none-eabi-gcc/5.4.1-2016q2/bin/../lib/gcc/arm-none-eabi/5.4.1/armv7-m\libgcc.a
START GROUP
LOAD c:/users/hw/appdata/local/arduino15/packages/arduino/tools/arm-none-eabi-gcc/5.4.1-2016q2/bin/../lib/gcc/arm-none-eabi/5.4.1/armv7-m\libgcc.a
LOAD c:/users/hw/appdata/local/arduino15/packages/arduino/tools/arm-none-eabi-gcc/5.4.1-2016q2/bin/../lib/gcc/arm-none-eabi/5.4.1/../../../../arm-none-eabi/lib/armv7-m\libc_nano.a
END GROUP
START GROUP
LOAD c:/users/hw/appdata/local/arduino15/packages/arduino/tools/arm-none-eabi-gcc/5.4.1-2016q2/bin/../lib/gcc/arm-none-eabi/5.4.1/armv7-m\libgcc.a
LOAD c:/users/hw/appdata/local/arduino15/packages/arduino/tools/arm-none-eabi-gcc/5.4.1-2016q2/bin/../lib/gcc/arm-none-eabi/5.4.1/../../../../arm-none-eabi/lib/armv7-m\libc_nano.a
END GROUP
LOAD c:/users/hw/appdata/local/arduino15/packages/arduino/tools/arm-none-eabi-gcc/5.4.1-2016q2/bin/../lib/gcc/arm-none-eabi/5.4.1/armv7-m/crtend.o
LOAD c:/users/hw/appdata/local/arduino15/packages/arduino/tools/arm-none-eabi-gcc/5.4.1-2016q2/bin/../lib/gcc/arm-none-eabi/5.4.1/armv7-m/crtn.o
                0x20002800                _estack = 0x20002800
                0x00000200                _Min_Heap_Size = 0x200
                0x00000400                _Min_Stack_Size = 0x400

.isr_vector     0x08000000      0x10c
                0x08000000                . = ALIGN (0x4)
 *(.isr_vector)
 .isr_vector    0x08000000      0x10c C:\tmp\arduino_build_557519/core\core.a(startup_stm32XXXXxe.S.o)
                0x08000000                g_pfnVectors
                0x0800010c                . = ALIGN (0x4)

.text           0x0800010c     0x1444
                0x0800010c                . = ALIGN (0x4)
 *(.text)
 .text          0x0800010c       0x5c c:/users/hw/appdata/local/arduino15/packages/arduino/tools/arm-none-eabi-gcc/5.4.1-2016q2/bin/../lib/gcc/arm-none-eabi/5.4.1/armv7-m/crtbegin.o
 .text          0x08000168       0x10 c:/users/hw/appdata/local/arduino15/packages/arduino/tools/arm-none-eabi-gcc/5.4.1-2016q2/bin/../lib/gcc/arm-none-eabi/5.4.1/../../../../arm-none-eabi/lib/armv7-m\libc_nano.a(lib_a-strlen.o)
                0x08000168                strlen
 *(.text*)
 .text.delay    0x08000178       0x1c C:\tmp\arduino_build_557519\sketch\F103R6_Blink.ino.cpp.o
                0x08000178                delay
 .text.setup    0x08000194       0x5c C:\tmp\arduino_build_557519\sketch\F103R6_Blink.ino.cpp.o
                0x08000194                setup
 .text.loop     0x080001f0       0x3c C:\tmp\arduino_build_557519\sketch\F103R6_Blink.ino.cpp.o
                0x080001f0                loop
 .text.SystemClock_Config
                0x0800022c       0x98 C:\tmp\arduino_build_557519\core\variant.c.o
                0x0800022c                SystemClock_Config
 .text.Reset_Handler
                0x080002c4       0x48 C:\tmp\arduino_build_557519/core\core.a(startup_stm32XXXXxe.S.o)
                0x080002c4                Reset_Handler
 .text.Default_Handler
                0x0800030c        0x2 C:\tmp\arduino_build_557519/core\core.a(startup_stm32XXXXxe.S.o)
                0x0800030c                RTC_Alarm_IRQHandler
                0x0800030c                EXTI2_IRQHandler
                0x0800030c                DebugMon_Handler
                0x0800030c                TIM1_CC_IRQHandler
                0x0800030c                HardFault_Handler
                0x0800030c                PVD_IRQHandler
                0x0800030c                PendSV_Handler
                0x0800030c                NMI_Handler
                0x0800030c                EXTI3_IRQHandler
                0x0800030c                EXTI0_IRQHandler
                0x0800030c                UsageFault_Handler
                0x0800030c                ADC1_2_IRQHandler
                0x0800030c                SPI1_IRQHandler
                0x0800030c                TAMPER_IRQHandler
                0x0800030c                DMA1_Channel4_IRQHandler
                0x0800030c                RTC_IRQHandler
                0x0800030c                DMA1_Channel7_IRQHandler
                0x0800030c                CAN1_RX1_IRQHandler
                0x0800030c                I2C1_EV_IRQHandler
                0x0800030c                DMA1_Channel6_IRQHandler
                0x0800030c                RCC_IRQHandler
                0x0800030c                TIM1_TRG_COM_IRQHandler
                0x0800030c                DMA1_Channel1_IRQHandler
                0x0800030c                Default_Handler
                0x0800030c                EXTI15_10_IRQHandler
                0x0800030c                EXTI9_5_IRQHandler
                0x0800030c                MemManage_Handler
                0x0800030c                SVC_Handler
                0x0800030c                DMA1_Channel5_IRQHandler
                0x0800030c                EXTI4_IRQHandler
                0x0800030c                USB_LP_CAN1_RX0_IRQHandler
                0x0800030c                USB_HP_CAN1_TX_IRQHandler
                0x0800030c                DMA1_Channel3_IRQHandler
                0x0800030c                TIM1_UP_IRQHandler
                0x0800030c                WWDG_IRQHandler
                0x0800030c                TIM2_IRQHandler
                0x0800030c                TIM1_BRK_IRQHandler
                0x0800030c                EXTI1_IRQHandler
                0x0800030c                DMA1_Channel2_IRQHandler
                0x0800030c                CAN1_SCE_IRQHandler
                0x0800030c                FLASH_IRQHandler
                0x0800030c                BusFault_Handler
                0x0800030c                I2C1_ER_IRQHandler
                0x0800030c                USBWakeUp_IRQHandler
 .text.__empty  0x0800030e        0x2 C:\tmp\arduino_build_557519/core\core.a(hooks.c.o)
                0x0800030e                Error_Handler
                0x0800030e                yield
 .text.stm32GpioClockEnable
                0x08000310       0x8c C:\tmp\arduino_build_557519/core\core.a(stm32_gpio.c.o)
                0x08000310                stm32GpioClockEnable
 .text.pinModeLL
                0x0800039c       0xd8 C:\tmp\arduino_build_557519/core\core.a(stm32_gpio.c.o)
                0x0800039c                pinModeLL
 .text.UART_EndRxTransfer
                0x08000474       0x1a C:\tmp\arduino_build_557519/core\core.a(stm32XXxx_hal.c.o)
 *fill*         0x0800048e        0x2 
 .text.HAL_InitTick
                0x08000490       0x48 C:\tmp\arduino_build_557519/core\core.a(stm32XXxx_hal.c.o)
                0x08000490                HAL_InitTick
 .text.HAL_Init
                0x080004d8       0x24 C:\tmp\arduino_build_557519/core\core.a(stm32XXxx_hal.c.o)
                0x080004d8                HAL_Init
 .text.HAL_IncTick
                0x080004fc       0x18 C:\tmp\arduino_build_557519/core\core.a(stm32XXxx_hal.c.o)
                0x080004fc                HAL_IncTick
 .text.HAL_GetTick
                0x08000514        0xc C:\tmp\arduino_build_557519/core\core.a(stm32XXxx_hal.c.o)
                0x08000514                HAL_GetTick
 .text.UART_WaitOnFlagUntilTimeout.constprop.40
                0x08000520       0x50 C:\tmp\arduino_build_557519/core\core.a(stm32XXxx_hal.c.o)
 .text.HAL_DMA_Abort_IT
                0x08000570       0x90 C:\tmp\arduino_build_557519/core\core.a(stm32XXxx_hal.c.o)
                0x08000570                HAL_DMA_Abort_IT
 .text.HAL_GPIO_Init
                0x08000600      0x1a4 C:\tmp\arduino_build_557519/core\core.a(stm32XXxx_hal.c.o)
                0x08000600                HAL_GPIO_Init
 .text.HAL_RCC_GetPCLK1Freq
                0x080007a4       0x20 C:\tmp\arduino_build_557519/core\core.a(stm32XXxx_hal.c.o)
                0x080007a4                HAL_RCC_GetPCLK1Freq
 .text.HAL_RCC_GetPCLK2Freq
                0x080007c4       0x20 C:\tmp\arduino_build_557519/core\core.a(stm32XXxx_hal.c.o)
                0x080007c4                HAL_RCC_GetPCLK2Freq
 .text.UART_SetConfig
                0x080007e4      0x144 C:\tmp\arduino_build_557519/core\core.a(stm32XXxx_hal.c.o)
 .text.HAL_UART_MspInit
                0x08000928        0x2 C:\tmp\arduino_build_557519/core\core.a(stm32XXxx_hal.c.o)
                0x08000928                HAL_UART_MspInit
 .text.HAL_UART_Init
                0x0800092a       0x5c C:\tmp\arduino_build_557519/core\core.a(stm32XXxx_hal.c.o)
                0x0800092a                HAL_UART_Init
 .text.HAL_UART_Transmit
                0x08000986       0xba C:\tmp\arduino_build_557519/core\core.a(stm32XXxx_hal.c.o)
                0x08000986                HAL_UART_Transmit
 .text.HAL_UART_Transmit_IT
                0x08000a40       0x3e C:\tmp\arduino_build_557519/core\core.a(stm32XXxx_hal.c.o)
                0x08000a40                HAL_UART_Transmit_IT
 .text.HAL_UART_Receive_IT
                0x08000a7e       0x4e C:\tmp\arduino_build_557519/core\core.a(stm32XXxx_hal.c.o)
                0x08000a7e                HAL_UART_Receive_IT
 .text.UART_Receive_IT
                0x08000acc       0x80 C:\tmp\arduino_build_557519/core\core.a(stm32XXxx_hal.c.o)
 .text.HAL_UART_IRQHandler
                0x08000b4c      0x140 C:\tmp\arduino_build_557519/core\core.a(stm32XXxx_hal.c.o)
                0x08000b4c                HAL_UART_IRQHandler
 .text.UART_DMAAbortOnError
                0x08000c8c       0x10 C:\tmp\arduino_build_557519/core\core.a(stm32XXxx_hal.c.o)
 .text.LL_Init1msTick
                0x08000c9c       0x1c C:\tmp\arduino_build_557519/core\core.a(stm32XXxx_hal.c.o)
                0x08000c9c                LL_Init1msTick
 .text.LL_SetSystemCoreClock
                0x08000cb8        0xc C:\tmp\arduino_build_557519/core\core.a(stm32XXxx_hal.c.o)
                0x08000cb8                LL_SetSystemCoreClock
 .text.HAL_NVIC_SetPriorityGrouping
                0x08000cc4       0x24 C:\tmp\arduino_build_557519/core\core.a(stm32XXxx_hal_ex.c.o)
                0x08000cc4                HAL_NVIC_SetPriorityGrouping
 .text.HAL_NVIC_SetPriority
                0x08000ce8       0x68 C:\tmp\arduino_build_557519/core\core.a(stm32XXxx_hal_ex.c.o)
                0x08000ce8                HAL_NVIC_SetPriority
 .text.HAL_NVIC_EnableIRQ
                0x08000d50       0x18 C:\tmp\arduino_build_557519/core\core.a(stm32XXxx_hal_ex.c.o)
                0x08000d50                HAL_NVIC_EnableIRQ
 .text.HAL_SYSTICK_Config
                0x08000d68       0x2c C:\tmp\arduino_build_557519/core\core.a(stm32XXxx_hal_ex.c.o)
                0x08000d68                HAL_SYSTICK_Config
 .text.HAL_SYSTICK_Callback
                0x08000d94        0x2 C:\tmp\arduino_build_557519/core\core.a(stm32XXxx_hal_ex.c.o)
                0x08000d94                HAL_SYSTICK_Callback
 .text.HAL_SYSTICK_IRQHandler
                0x08000d96        0x8 C:\tmp\arduino_build_557519/core\core.a(stm32XXxx_hal_ex.c.o)
                0x08000d96                HAL_SYSTICK_IRQHandler
 .text.preinitVariant
                0x08000d9e        0x2 C:\tmp\arduino_build_557519/core\core.a(system_stm32XXxx.c.o)
                0x08000d9e                preinitVariant
 .text.SystemInit
                0x08000da0       0x50 C:\tmp\arduino_build_557519/core\core.a(system_stm32XXxx.c.o)
                0x08000da0                SystemInit
 .text._ZN5Print5writeEPKhj
                0x08000df0       0x2c C:\tmp\arduino_build_557519/core\core.a(Print.cpp.o)
                0x08000df0                Print::write(unsigned char const*, unsigned int)
 .text._ZN5Print5writeEPKc
                0x08000e1c       0x20 C:\tmp\arduino_build_557519/core\core.a(Print.cpp.o)
                0x08000e1c                Print::write(char const*)
 .text._ZN5Print7printlnEv
                0x08000e3c       0x10 C:\tmp\arduino_build_557519/core\core.a(Print.cpp.o)
                0x08000e3c                Print::println()
 .text._ZN5Print7printlnEPKc
                0x08000e4c       0x14 C:\tmp\arduino_build_557519/core\core.a(Print.cpp.o)
                0x08000e4c                Print::println(char const*)
 .text.initVariant
                0x08000e60        0x2 C:\tmp\arduino_build_557519/core\core.a(main.cpp.o)
                0x08000e60                initVariant
 .text.startup.main
                0x08000e62       0x14 C:\tmp\arduino_build_557519/core\core.a(main.cpp.o)
                0x08000e62                main
 .text._ZN14HardwareSerial4peekEv
                0x08000e76       0x20 C:\tmp\arduino_build_557519/core\core.a(HardwareSerial.cpp.o)
                0x08000e76                HardwareSerial::peek()
 .text._ZN14HardwareSerial5flushEv
                0x08000e96       0x10 C:\tmp\arduino_build_557519/core\core.a(HardwareSerial.cpp.o)
                0x08000e96                HardwareSerial::flush()
 .text._ZN14HardwareSerial4readEv
                0x08000ea6       0x2a C:\tmp\arduino_build_557519/core\core.a(HardwareSerial.cpp.o)
                0x08000ea6                HardwareSerial::read()
 .text._ZN14HardwareSerial5writeEh
                0x08000ed0       0x1a C:\tmp\arduino_build_557519/core\core.a(HardwareSerial.cpp.o)
                0x08000ed0                HardwareSerial::write(unsigned char)
 .text._ZN14HardwareSerial9availableEv
                0x08000eea       0x24 C:\tmp\arduino_build_557519/core\core.a(HardwareSerial.cpp.o)
                0x08000eea                HardwareSerial::available()
 *fill*         0x08000f0e        0x2 
 .text._ZN14HardwareSerialC2EP13USART_TypeDef
                0x08000f10       0x3c C:\tmp\arduino_build_557519/core\core.a(HardwareSerial.cpp.o)
                0x08000f10                HardwareSerial::HardwareSerial(USART_TypeDef*)
                0x08000f10                HardwareSerial::HardwareSerial(USART_TypeDef*)
 .text._ZN14HardwareSerial5beginEmh
                0x08000f4c      0x1c0 C:\tmp\arduino_build_557519/core\core.a(HardwareSerial.cpp.o)
                0x08000f4c                HardwareSerial::begin(unsigned long, unsigned char)
 .text.USART1_IRQHandler
                0x0800110c       0x14 C:\tmp\arduino_build_557519/core\core.a(HardwareSerial.cpp.o)
                0x0800110c                USART1_IRQHandler
 .text.USART2_IRQHandler
                0x08001120       0x14 C:\tmp\arduino_build_557519/core\core.a(HardwareSerial.cpp.o)
                0x08001120                USART2_IRQHandler
 .text.HAL_UART_TxCpltCallback
                0x08001134       0x38 C:\tmp\arduino_build_557519/core\core.a(HardwareSerial.cpp.o)
                0x08001134                HAL_UART_TxCpltCallback
 .text.HAL_UART_RxCpltCallback
                0x0800116c       0x30 C:\tmp\arduino_build_557519/core\core.a(HardwareSerial.cpp.o)
                0x0800116c                HAL_UART_RxCpltCallback
 .text.HAL_UART_ErrorCallback
                0x0800119c       0x28 C:\tmp\arduino_build_557519/core\core.a(HardwareSerial.cpp.o)
                0x0800119c                HAL_UART_ErrorCallback
 .text.startup._GLOBAL__sub_I__ZN14HardwareSerialC2EP13USART_TypeDef
                0x080011c4       0x28 C:\tmp\arduino_build_557519/core\core.a(HardwareSerial.cpp.o)
 .text.TIM3_IRQHandler
                0x080011ec       0x10 C:\tmp\arduino_build_557519/core\core.a(stm32_PWM.c.o)
                0x080011ec                TIM3_IRQHandler
 .text.AF__HAL_AFIO_REMAP_USART1_DISABLE
                0x080011fc       0x14 C:\tmp\arduino_build_557519/core\core.a(stm32_gpio_af.c.o)
 .text.AF__HAL_AFIO_REMAP_USART1_ENABLE
                0x08001210       0x14 C:\tmp\arduino_build_557519/core\core.a(stm32_gpio_af.c.o)
 .text.AF__HAL_AFIO_REMAP_USART2_DISABLE
                0x08001224       0x14 C:\tmp\arduino_build_557519/core\core.a(stm32_gpio_af.c.o)
 .text.stm32AfInit
                0x08001238       0x1a C:\tmp\arduino_build_557519/core\core.a(stm32_gpio_af.c.o)
                0x08001238                stm32AfInit
 .text.stm32AfGetDefault
                0x08001252       0x22 C:\tmp\arduino_build_557519/core\core.a(stm32_gpio_af.c.o)
                0x08001252                stm32AfGetDefault
 .text.stm32AfUARTInit
                0x08001274       0x40 C:\tmp\arduino_build_557519/core\core.a(stm32_gpio_af.c.o)
                0x08001274                stm32AfUARTInit
 .text.stm32AfGet
                0x080012b4       0x2a C:\tmp\arduino_build_557519/core\core.a(stm32_gpio_af_F1.c.o)
                0x080012b4                stm32AfGet
 *fill*         0x080012de        0x2 
 .text.stm32AfInitSpeed
                0x080012e0       0x60 C:\tmp\arduino_build_557519/core\core.a(stm32_gpio_af_F1.c.o)
                0x080012e0                stm32AfInitSpeed
 .text.init     0x08001340        0xe C:\tmp\arduino_build_557519/core\core.a(stm32_init.c.o)
                0x08001340                init
 .text.SysTick_Handler
                0x0800134e        0xe C:\tmp\arduino_build_557519/core\core.a(stm32_init.c.o)
                0x0800134e                SysTick_Handler
 .text.HAL_MspInit
                0x0800135c       0x70 C:\tmp\arduino_build_557519/core\core.a(stm32_init.c.o)
                0x0800135c                HAL_MspInit
 .text.__libc_init_array
                0x080013cc       0x4c c:/users/hw/appdata/local/arduino15/packages/arduino/tools/arm-none-eabi-gcc/5.4.1-2016q2/bin/../lib/gcc/arm-none-eabi/5.4.1/../../../../arm-none-eabi/lib/armv7-m\libc_nano.a(lib_a-init.o)
                0x080013cc                __libc_init_array
 .text.malloc   0x08001418       0x10 c:/users/hw/appdata/local/arduino15/packages/arduino/tools/arm-none-eabi-gcc/5.4.1-2016q2/bin/../lib/gcc/arm-none-eabi/5.4.1/../../../../arm-none-eabi/lib/armv7-m\libc_nano.a(lib_a-malloc.o)
                0x08001418                malloc
 .text._malloc_r
                0x08001428       0xbc c:/users/hw/appdata/local/arduino15/packages/arduino/tools/arm-none-eabi-gcc/5.4.1-2016q2/bin/../lib/gcc/arm-none-eabi/5.4.1/../../../../arm-none-eabi/lib/armv7-m\libc_nano.a(lib_a-nano-mallocr.o)
                0x08001428                _malloc_r
 .text._sbrk_r  0x080014e4       0x20 c:/users/hw/appdata/local/arduino15/packages/arduino/tools/arm-none-eabi-gcc/5.4.1-2016q2/bin/../lib/gcc/arm-none-eabi/5.4.1/../../../../arm-none-eabi/lib/armv7-m\libc_nano.a(lib_a-sbrkr.o)
                0x080014e4                _sbrk_r
 .text.__malloc_lock
                0x08001504        0x2 c:/users/hw/appdata/local/arduino15/packages/arduino/tools/arm-none-eabi-gcc/5.4.1-2016q2/bin/../lib/gcc/arm-none-eabi/5.4.1/../../../../arm-none-eabi/lib/armv7-m\libc_nano.a(lib_a-mlock.o)
                0x08001504                __malloc_lock
 .text.__malloc_unlock
                0x08001506        0x2 c:/users/hw/appdata/local/arduino15/packages/arduino/tools/arm-none-eabi-gcc/5.4.1-2016q2/bin/../lib/gcc/arm-none-eabi/5.4.1/../../../../arm-none-eabi/lib/armv7-m\libc_nano.a(lib_a-mlock.o)
                0x08001506                __malloc_unlock
 .text._sbrk    0x08001508       0x30 C:\tmp\arduino_build_557519/core\core.a(syscalls.c.o)
                0x08001508                _sbrk
 *(.glue_7)
 .glue_7        0x08001538        0x0 linker stubs
 *(.glue_7t)
 .glue_7t       0x08001538        0x0 linker stubs
 *(.eh_frame)
 .eh_frame      0x08001538        0x0 c:/users/hw/appdata/local/arduino15/packages/arduino/tools/arm-none-eabi-gcc/5.4.1-2016q2/bin/../lib/gcc/arm-none-eabi/5.4.1/armv7-m/crtbegin.o
 *(.init)
 .init          0x08001538        0x4 c:/users/hw/appdata/local/arduino15/packages/arduino/tools/arm-none-eabi-gcc/5.4.1-2016q2/bin/../lib/gcc/arm-none-eabi/5.4.1/armv7-m/crti.o
                0x08001538                _init
 .init          0x0800153c        0x8 c:/users/hw/appdata/local/arduino15/packages/arduino/tools/arm-none-eabi-gcc/5.4.1-2016q2/bin/../lib/gcc/arm-none-eabi/5.4.1/armv7-m/crtn.o
 *(.fini)
 .fini          0x08001544        0x4 c:/users/hw/appdata/local/arduino15/packages/arduino/tools/arm-none-eabi-gcc/5.4.1-2016q2/bin/../lib/gcc/arm-none-eabi/5.4.1/armv7-m/crti.o
                0x08001544                _fini
 .fini          0x08001548        0x8 c:/users/hw/appdata/local/arduino15/packages/arduino/tools/arm-none-eabi-gcc/5.4.1-2016q2/bin/../lib/gcc/arm-none-eabi/5.4.1/armv7-m/crtn.o
                0x08001550                . = ALIGN (0x4)
                0x08001550                _etext = .

.vfp11_veneer   0x08001550        0x0
 .vfp11_veneer  0x08001550        0x0 linker stubs

.v4_bx          0x08001550        0x0
 .v4_bx         0x08001550        0x0 linker stubs

.iplt           0x08001550        0x0
 .iplt          0x08001550        0x0 c:/users/hw/appdata/local/arduino15/packages/arduino/tools/arm-none-eabi-gcc/5.4.1-2016q2/bin/../lib/gcc/arm-none-eabi/5.4.1/armv7-m/crtbegin.o

.rodata         0x08001550      0x2c0
                0x08001550                . = ALIGN (0x4)
 *(.rodata)
 *(.rodata*)
 .rodata.str1.1
                0x08001550       0x2c C:\tmp\arduino_build_557519\sketch\F103R6_Blink.ino.cpp.o
 .rodata.variant_pin_list
                0x0800157c      0x198 C:\tmp\arduino_build_557519/core\core.a(stm32_pin_list.c.o)
                0x0800157c                variant_pin_list
 .rodata.APBPrescTable
                0x08001714        0x8 C:\tmp\arduino_build_557519/core\core.a(system_stm32XXxx.c.o)
                0x08001714                APBPrescTable
 .rodata.str1.1
                0x0800171c        0xf C:\tmp\arduino_build_557519/core\core.a(Print.cpp.o)
 *fill*         0x0800172b        0x1 
 .rodata._ZTV14HardwareSerial
                0x0800172c       0x20 C:\tmp\arduino_build_557519/core\core.a(HardwareSerial.cpp.o)
                0x0800172c                vtable for HardwareSerial
 .rodata.chip_af_usart_rx
                0x0800174c       0x30 C:\tmp\arduino_build_557519/core\core.a(stm32_gpio_af.c.o)
                0x0800174c                chip_af_usart_rx
 .rodata.chip_af_usart_tx
                0x0800177c       0x30 C:\tmp\arduino_build_557519/core\core.a(stm32_gpio_af.c.o)
                0x0800177c                chip_af_usart_tx
 .rodata.str1.1
                0x080017ac        0x2 c:/users/hw/appdata/local/arduino15/packages/arduino/tools/arm-none-eabi-gcc/5.4.1-2016q2/bin/../lib/gcc/arm-none-eabi/5.4.1/../../../../arm-none-eabi/lib/armv7-m\libc_nano.a(lib_a-impure.o)
 *fill*         0x080017ae        0x2 
 .rodata.__sf_fake_stdin
                0x080017b0       0x20 c:/users/hw/appdata/local/arduino15/packages/arduino/tools/arm-none-eabi-gcc/5.4.1-2016q2/bin/../lib/gcc/arm-none-eabi/5.4.1/../../../../arm-none-eabi/lib/armv7-m\libc_nano.a(lib_a-findfp.o)
                0x080017b0                __sf_fake_stdin
 .rodata.__sf_fake_stdout
                0x080017d0       0x20 c:/users/hw/appdata/local/arduino15/packages/arduino/tools/arm-none-eabi-gcc/5.4.1-2016q2/bin/../lib/gcc/arm-none-eabi/5.4.1/../../../../arm-none-eabi/lib/armv7-m\libc_nano.a(lib_a-findfp.o)
                0x080017d0                __sf_fake_stdout
 .rodata.__sf_fake_stderr
                0x080017f0       0x20 c:/users/hw/appdata/local/arduino15/packages/arduino/tools/arm-none-eabi-gcc/5.4.1-2016q2/bin/../lib/gcc/arm-none-eabi/5.4.1/../../../../arm-none-eabi/lib/armv7-m\libc_nano.a(lib_a-findfp.o)
                0x080017f0                __sf_fake_stderr
                0x08001810                . = ALIGN (0x4)

.rel.dyn        0x08001810        0x0
 .rel.iplt      0x08001810        0x0 c:/users/hw/appdata/local/arduino15/packages/arduino/tools/arm-none-eabi-gcc/5.4.1-2016q2/bin/../lib/gcc/arm-none-eabi/5.4.1/armv7-m/crtbegin.o

.ARM.extab
 *(.ARM.extab* .gnu.linkonce.armextab.*)

.ARM            0x08001810        0x0
                0x08001810                __exidx_start = .
 *(.ARM.exidx*)
                0x08001810                __exidx_end = .

.preinit_array  0x08001810        0x0
                0x08001810                PROVIDE (__preinit_array_start, .)
 *(.preinit_array*)
                0x08001810                PROVIDE (__preinit_array_end, .)

.init_array     0x08001810        0x8
                0x08001810                PROVIDE (__init_array_start, .)
 *(SORT(.init_array.*))
 *(.init_array*)
 .init_array    0x08001810        0x4 c:/users/hw/appdata/local/arduino15/packages/arduino/tools/arm-none-eabi-gcc/5.4.1-2016q2/bin/../lib/gcc/arm-none-eabi/5.4.1/armv7-m/crtbegin.o
 .init_array    0x08001814        0x4 C:\tmp\arduino_build_557519/core\core.a(HardwareSerial.cpp.o)
                0x08001818                PROVIDE (__init_array_end, .)

.fini_array     0x08001818        0x4
                [!provide]                PROVIDE (__fini_array_start, .)
 *(SORT(.fini_array.*))
 *(.fini_array*)
 .fini_array    0x08001818        0x4 c:/users/hw/appdata/local/arduino15/packages/arduino/tools/arm-none-eabi-gcc/5.4.1-2016q2/bin/../lib/gcc/arm-none-eabi/5.4.1/armv7-m/crtbegin.o
                [!provide]                PROVIDE (__fini_array_end, .)
                0x0800181c                _sidata = LOADADDR (.data)

.data           0x20000000       0x70 load address 0x0800181c
                0x20000000                . = ALIGN (0x4)
                0x20000000                _sdata = .
 *(.data)
 *(.data*)
 .data.uwTickPrio
                0x20000000        0x4 C:\tmp\arduino_build_557519/core\core.a(stm32XXxx_hal.c.o)
                0x20000000                uwTickPrio
 .data.uwTickFreq
                0x20000004        0x1 C:\tmp\arduino_build_557519/core\core.a(stm32XXxx_hal.c.o)
                0x20000004                uwTickFreq
 *fill*         0x20000005        0x3 
 .data.SystemCoreClock
                0x20000008        0x4 C:\tmp\arduino_build_557519/core\core.a(system_stm32XXxx.c.o)
                0x20000008                SystemCoreClock
 .data.impure_data
                0x2000000c       0x60 c:/users/hw/appdata/local/arduino15/packages/arduino/tools/arm-none-eabi-gcc/5.4.1-2016q2/bin/../lib/gcc/arm-none-eabi/5.4.1/../../../../arm-none-eabi/lib/armv7-m\libc_nano.a(lib_a-impure.o)
 .data._impure_ptr
                0x2000006c        0x4 c:/users/hw/appdata/local/arduino15/packages/arduino/tools/arm-none-eabi-gcc/5.4.1-2016q2/bin/../lib/gcc/arm-none-eabi/5.4.1/../../../../arm-none-eabi/lib/armv7-m\libc_nano.a(lib_a-impure.o)
                0x2000006c                _impure_ptr
                0x20000070                . = ALIGN (0x4)
                0x20000070                _edata = .

.jcr            0x20000070        0x0 load address 0x0800188c
 .jcr           0x20000070        0x0 c:/users/hw/appdata/local/arduino15/packages/arduino/tools/arm-none-eabi-gcc/5.4.1-2016q2/bin/../lib/gcc/arm-none-eabi/5.4.1/armv7-m/crtbegin.o

.igot.plt       0x20000070        0x0 load address 0x0800188c
 .igot.plt      0x20000070        0x0 c:/users/hw/appdata/local/arduino15/packages/arduino/tools/arm-none-eabi-gcc/5.4.1-2016q2/bin/../lib/gcc/arm-none-eabi/5.4.1/armv7-m/crtbegin.o
                0x20000070                . = ALIGN (0x4)

.bss            0x20000070      0x214 load address 0x0800188c
                0x20000070                _sbss = .
                0x20000070                __bss_start__ = _sbss
 *(.bss)
 .bss           0x20000070       0x1c c:/users/hw/appdata/local/arduino15/packages/arduino/tools/arm-none-eabi-gcc/5.4.1-2016q2/bin/../lib/gcc/arm-none-eabi/5.4.1/armv7-m/crtbegin.o
 *(.bss*)
 .bss._ZZN14HardwareSerial5beginEmhE2tx
                0x2000008c       0x80 C:\tmp\arduino_build_557519/core\core.a(HardwareSerial.cpp.o)
 .bss._ZZN14HardwareSerial5beginEmhE14static_tx_used
                0x2000010c        0x1 C:\tmp\arduino_build_557519/core\core.a(HardwareSerial.cpp.o)
 .bss._ZZN14HardwareSerial5beginEmhE2rx
                0x2000010d       0x80 C:\tmp\arduino_build_557519/core\core.a(HardwareSerial.cpp.o)
 .bss._ZZN14HardwareSerial5beginEmhE18static_handle_used
                0x2000018d        0x1 C:\tmp\arduino_build_557519/core\core.a(HardwareSerial.cpp.o)
 *fill*         0x2000018e        0x2 
 .bss.interruptUART
                0x20000190        0x4 C:\tmp\arduino_build_557519/core\core.a(HardwareSerial.cpp.o)
                0x20000190                interruptUART
 .bss._ZZN14HardwareSerial5beginEmhE14static_rx_used
                0x20000194        0x1 C:\tmp\arduino_build_557519/core\core.a(HardwareSerial.cpp.o)
 *fill*         0x20000195        0x3 
 .bss.SerialUART2
                0x20000198       0x30 C:\tmp\arduino_build_557519/core\core.a(HardwareSerial.cpp.o)
                0x20000198                SerialUART2
 .bss.SerialUART1
                0x200001c8       0x30 C:\tmp\arduino_build_557519/core\core.a(HardwareSerial.cpp.o)
                0x200001c8                SerialUART1
 .bss._ZZN14HardwareSerial5beginEmhE1h
                0x200001f8       0x40 C:\tmp\arduino_build_557519/core\core.a(HardwareSerial.cpp.o)
 .bss.stm32_pwm_disable_callback
                0x20000238        0x4 C:\tmp\arduino_build_557519/core\core.a(stm32_PWM.c.o)
                0x20000238                stm32_pwm_disable_callback
 .bss.__malloc_sbrk_start
                0x2000023c        0x4 c:/users/hw/appdata/local/arduino15/packages/arduino/tools/arm-none-eabi-gcc/5.4.1-2016q2/bin/../lib/gcc/arm-none-eabi/5.4.1/../../../../arm-none-eabi/lib/armv7-m\libc_nano.a(lib_a-nano-mallocr.o)
                0x2000023c                __malloc_sbrk_start
 .bss.__malloc_free_list
                0x20000240        0x4 c:/users/hw/appdata/local/arduino15/packages/arduino/tools/arm-none-eabi-gcc/5.4.1-2016q2/bin/../lib/gcc/arm-none-eabi/5.4.1/../../../../arm-none-eabi/lib/armv7-m\libc_nano.a(lib_a-nano-mallocr.o)
                0x20000240                __malloc_free_list
 .bss.heap_end  0x20000244        0x4 C:\tmp\arduino_build_557519/core\core.a(syscalls.c.o)
 .bss.heap_brk  0x20000248        0x4 C:\tmp\arduino_build_557519/core\core.a(syscalls.c.o)
 *(COMMON)
 *fill*         0x2000024c        0x4 
 COMMON         0x20000250       0x28 C:\tmp\arduino_build_557519/core\core.a(stm32XXxx_hal.c.o)
                0x20000250                uwTick
                0x20000258                pFlash
 COMMON         0x20000278        0x8 C:\tmp\arduino_build_557519/core\core.a(stm32_PWM.c.o)
                0x20000278                pwm_callback_func
                0x2000027c                handle
 COMMON         0x20000280        0x4 c:/users/hw/appdata/local/arduino15/packages/arduino/tools/arm-none-eabi-gcc/5.4.1-2016q2/bin/../lib/gcc/arm-none-eabi/5.4.1/../../../../arm-none-eabi/lib/armv7-m\libc_nano.a(lib_a-reent.o)
                0x20000280                errno
                0x20000284                . = ALIGN (0x4)
                0x20000284                _ebss = .
                0x20000284                __bss_end__ = _ebss
                0x20000288                . = ALIGN (0x8)
                [!provide]                PROVIDE (end, .)
                0x20000288                PROVIDE (_end, .)

/DISCARD/
 libc.a(*)
 libm.a(*)
 libgcc.a(*)

.ARM.attributes
                0x00000000       0x29
 *(.ARM.attributes)
 .ARM.attributes
                0x00000000       0x1d c:/users/hw/appdata/local/arduino15/packages/arduino/tools/arm-none-eabi-gcc/5.4.1-2016q2/bin/../lib/gcc/arm-none-eabi/5.4.1/armv7-m/crti.o
 .ARM.attributes
                0x0000001d       0x2d c:/users/hw/appdata/local/arduino15/packages/arduino/tools/arm-none-eabi-gcc/5.4.1-2016q2/bin/../lib/gcc/arm-none-eabi/5.4.1/armv7-m/crtbegin.o
 .ARM.attributes
                0x0000004a       0x33 C:\tmp\arduino_build_557519\sketch\F103R6_Blink.ino.cpp.o
 .ARM.attributes
                0x0000007d       0x33 C:\tmp\arduino_build_557519\core\variant.c.o
 .ARM.attributes
                0x000000b0       0x21 C:\tmp\arduino_build_557519/core\core.a(startup_stm32XXXXxe.S.o)
 .ARM.attributes
                0x000000d1       0x33 C:\tmp\arduino_build_557519/core\core.a(hooks.c.o)
 .ARM.attributes
                0x00000104       0x33 C:\tmp\arduino_build_557519/core\core.a(stm32_gpio.c.o)
 .ARM.attributes
                0x00000137       0x33 C:\tmp\arduino_build_557519/core\core.a(stm32_pin_list.c.o)
 .ARM.attributes
                0x0000016a       0x33 C:\tmp\arduino_build_557519/core\core.a(stm32XXxx_hal.c.o)
 .ARM.attributes
                0x0000019d       0x33 C:\tmp\arduino_build_557519/core\core.a(stm32XXxx_hal_ex.c.o)
 .ARM.attributes
                0x000001d0       0x33 C:\tmp\arduino_build_557519/core\core.a(system_stm32XXxx.c.o)
 .ARM.attributes
                0x00000203       0x33 C:\tmp\arduino_build_557519/core\core.a(Print.cpp.o)
 .ARM.attributes
                0x00000236       0x33 C:\tmp\arduino_build_557519/core\core.a(main.cpp.o)
 .ARM.attributes
                0x00000269       0x33 C:\tmp\arduino_build_557519/core\core.a(HardwareSerial.cpp.o)
 .ARM.attributes
                0x0000029c       0x33 C:\tmp\arduino_build_557519/core\core.a(stm32_PWM.c.o)
 .ARM.attributes
                0x000002cf       0x33 C:\tmp\arduino_build_557519/core\core.a(stm32_gpio_af.c.o)
 .ARM.attributes
                0x00000302       0x33 C:\tmp\arduino_build_557519/core\core.a(stm32_gpio_af_F1.c.o)
 .ARM.attributes
                0x00000335       0x33 C:\tmp\arduino_build_557519/core\core.a(stm32_init.c.o)
 .ARM.attributes
                0x00000368       0x2d c:/users/hw/appdata/local/arduino15/packages/arduino/tools/arm-none-eabi-gcc/5.4.1-2016q2/bin/../lib/gcc/arm-none-eabi/5.4.1/../../../../arm-none-eabi/lib/armv7-m\libc_nano.a(lib_a-impure.o)
 .ARM.attributes
                0x00000395       0x2d c:/users/hw/appdata/local/arduino15/packages/arduino/tools/arm-none-eabi-gcc/5.4.1-2016q2/bin/../lib/gcc/arm-none-eabi/5.4.1/../../../../arm-none-eabi/lib/armv7-m\libc_nano.a(lib_a-init.o)
 .ARM.attributes
                0x000003c2       0x2d c:/users/hw/appdata/local/arduino15/packages/arduino/tools/arm-none-eabi-gcc/5.4.1-2016q2/bin/../lib/gcc/arm-none-eabi/5.4.1/../../../../arm-none-eabi/lib/armv7-m\libc_nano.a(lib_a-malloc.o)
 .ARM.attributes
                0x000003ef       0x2d c:/users/hw/appdata/local/arduino15/packages/arduino/tools/arm-none-eabi-gcc/5.4.1-2016q2/bin/../lib/gcc/arm-none-eabi/5.4.1/../../../../arm-none-eabi/lib/armv7-m\libc_nano.a(lib_a-nano-mallocr.o)
 .ARM.attributes
                0x0000041c       0x2d c:/users/hw/appdata/local/arduino15/packages/arduino/tools/arm-none-eabi-gcc/5.4.1-2016q2/bin/../lib/gcc/arm-none-eabi/5.4.1/../../../../arm-none-eabi/lib/armv7-m\libc_nano.a(lib_a-sbrkr.o)
 .ARM.attributes
                0x00000449       0x17 c:/users/hw/appdata/local/arduino15/packages/arduino/tools/arm-none-eabi-gcc/5.4.1-2016q2/bin/../lib/gcc/arm-none-eabi/5.4.1/../../../../arm-none-eabi/lib/armv7-m\libc_nano.a(lib_a-strlen.o)
 .ARM.attributes
                0x00000460       0x2d c:/users/hw/appdata/local/arduino15/packages/arduino/tools/arm-none-eabi-gcc/5.4.1-2016q2/bin/../lib/gcc/arm-none-eabi/5.4.1/../../../../arm-none-eabi/lib/armv7-m\libc_nano.a(lib_a-findfp.o)
 .ARM.attributes
                0x0000048d       0x2d c:/users/hw/appdata/local/arduino15/packages/arduino/tools/arm-none-eabi-gcc/5.4.1-2016q2/bin/../lib/gcc/arm-none-eabi/5.4.1/../../../../arm-none-eabi/lib/armv7-m\libc_nano.a(lib_a-mlock.o)
 .ARM.attributes
                0x000004ba       0x2d c:/users/hw/appdata/local/arduino15/packages/arduino/tools/arm-none-eabi-gcc/5.4.1-2016q2/bin/../lib/gcc/arm-none-eabi/5.4.1/../../../../arm-none-eabi/lib/armv7-m\libc_nano.a(lib_a-reent.o)
 .ARM.attributes
                0x000004e7       0x33 C:\tmp\arduino_build_557519/core\core.a(syscalls.c.o)
 .ARM.attributes
                0x0000051a       0x1d c:/users/hw/appdata/local/arduino15/packages/arduino/tools/arm-none-eabi-gcc/5.4.1-2016q2/bin/../lib/gcc/arm-none-eabi/5.4.1/armv7-m/crtn.o
OUTPUT(C:\tmp\arduino_build_557519/F103R6_Blink.ino.elf elf32-littlearm)

.debug_info     0x00000000    0x21dc9
 .debug_info    0x00000000      0xbbc C:\tmp\arduino_build_557519\sketch\F103R6_Blink.ino.cpp.o
 .debug_info    0x00000bbc      0x5c0 C:\tmp\arduino_build_557519\core\variant.c.o
 .debug_info    0x0000117c       0x84 C:\tmp\arduino_build_557519/core\core.a(startup_stm32XXXXxe.S.o)
 .debug_info    0x00001200       0x33 C:\tmp\arduino_build_557519/core\core.a(hooks.c.o)
 .debug_info    0x00001233      0xacd C:\tmp\arduino_build_557519/core\core.a(stm32_gpio.c.o)
 .debug_info    0x00001d00      0x4aa C:\tmp\arduino_build_557519/core\core.a(stm32_pin_list.c.o)
 .debug_info    0x000021aa    0x108c8 C:\tmp\arduino_build_557519/core\core.a(stm32XXxx_hal.c.o)
 .debug_info    0x00012a72     0x47ac C:\tmp\arduino_build_557519/core\core.a(stm32XXxx_hal_ex.c.o)
 .debug_info    0x0001721e      0x3f4 C:\tmp\arduino_build_557519/core\core.a(system_stm32XXxx.c.o)
 .debug_info    0x00017612     0x33e1 C:\tmp\arduino_build_557519/core\core.a(Print.cpp.o)
 .debug_info    0x0001a9f3      0x92a C:\tmp\arduino_build_557519/core\core.a(main.cpp.o)
 .debug_info    0x0001b31d     0x2f4e C:\tmp\arduino_build_557519/core\core.a(HardwareSerial.cpp.o)
 .debug_info    0x0001e26b     0x109f C:\tmp\arduino_build_557519/core\core.a(stm32_PWM.c.o)
 .debug_info    0x0001f30a     0x1689 C:\tmp\arduino_build_557519/core\core.a(stm32_gpio_af.c.o)
 .debug_info    0x00020993      0x73a C:\tmp\arduino_build_557519/core\core.a(stm32_gpio_af_F1.c.o)
 .debug_info    0x000210cd      0x409 C:\tmp\arduino_build_557519/core\core.a(stm32_init.c.o)
 .debug_info    0x000214d6      0x8f3 C:\tmp\arduino_build_557519/core\core.a(syscalls.c.o)

.debug_abbrev   0x00000000     0x2e7f
 .debug_abbrev  0x00000000      0x31c C:\tmp\arduino_build_557519\sketch\F103R6_Blink.ino.cpp.o
 .debug_abbrev  0x0000031c      0x190 C:\tmp\arduino_build_557519\core\variant.c.o
 .debug_abbrev  0x000004ac       0x12 C:\tmp\arduino_build_557519/core\core.a(startup_stm32XXXXxe.S.o)
 .debug_abbrev  0x000004be       0x26 C:\tmp\arduino_build_557519/core\core.a(hooks.c.o)
 .debug_abbrev  0x000004e4      0x2b8 C:\tmp\arduino_build_557519/core\core.a(stm32_gpio.c.o)
 .debug_abbrev  0x0000079c       0xf0 C:\tmp\arduino_build_557519/core\core.a(stm32_pin_list.c.o)
 .debug_abbrev  0x0000088c      0x6f2 C:\tmp\arduino_build_557519/core\core.a(stm32XXxx_hal.c.o)
 .debug_abbrev  0x00000f7e      0x571 C:\tmp\arduino_build_557519/core\core.a(stm32XXxx_hal_ex.c.o)
 .debug_abbrev  0x000014ef      0x145 C:\tmp\arduino_build_557519/core\core.a(system_stm32XXxx.c.o)
 .debug_abbrev  0x00001634      0x583 C:\tmp\arduino_build_557519/core\core.a(Print.cpp.o)
 .debug_abbrev  0x00001bb7      0x1f8 C:\tmp\arduino_build_557519/core\core.a(main.cpp.o)
 .debug_abbrev  0x00001daf      0x5de C:\tmp\arduino_build_557519/core\core.a(HardwareSerial.cpp.o)
 .debug_abbrev  0x0000238d      0x340 C:\tmp\arduino_build_557519/core\core.a(stm32_PWM.c.o)
 .debug_abbrev  0x000026cd      0x298 C:\tmp\arduino_build_557519/core\core.a(stm32_gpio_af.c.o)
 .debug_abbrev  0x00002965      0x1f5 C:\tmp\arduino_build_557519/core\core.a(stm32_gpio_af_F1.c.o)
 .debug_abbrev  0x00002b5a      0x151 C:\tmp\arduino_build_557519/core\core.a(stm32_init.c.o)
 .debug_abbrev  0x00002cab      0x1d4 C:\tmp\arduino_build_557519/core\core.a(syscalls.c.o)

.debug_loc      0x00000000    0x15668
 .debug_loc     0x00000000       0x7b C:\tmp\arduino_build_557519\sketch\F103R6_Blink.ino.cpp.o
 .debug_loc     0x0000007b       0x7c C:\tmp\arduino_build_557519\core\variant.c.o
 .debug_loc     0x000000f7      0x2d5 C:\tmp\arduino_build_557519/core\core.a(stm32_gpio.c.o)
 .debug_loc     0x000003cc     0xf9b9 C:\tmp\arduino_build_557519/core\core.a(stm32XXxx_hal.c.o)
 .debug_loc     0x0000fd85     0x2fc1 C:\tmp\arduino_build_557519/core\core.a(stm32XXxx_hal_ex.c.o)
 .debug_loc     0x00012d46       0xaa C:\tmp\arduino_build_557519/core\core.a(system_stm32XXxx.c.o)
 .debug_loc     0x00012df0     0x16ee C:\tmp\arduino_build_557519/core\core.a(Print.cpp.o)
 .debug_loc     0x000144de      0x24e C:\tmp\arduino_build_557519/core\core.a(HardwareSerial.cpp.o)
 .debug_loc     0x0001472c      0x378 C:\tmp\arduino_build_557519/core\core.a(stm32_PWM.c.o)
 .debug_loc     0x00014aa4      0x8cf C:\tmp\arduino_build_557519/core\core.a(stm32_gpio_af.c.o)
 .debug_loc     0x00015373      0x1e2 C:\tmp\arduino_build_557519/core\core.a(stm32_gpio_af_F1.c.o)
 .debug_loc     0x00015555      0x113 C:\tmp\arduino_build_557519/core\core.a(syscalls.c.o)

.debug_aranges  0x00000000     0x17b8
 .debug_aranges
                0x00000000       0x30 C:\tmp\arduino_build_557519\sketch\F103R6_Blink.ino.cpp.o
 .debug_aranges
                0x00000030       0x20 C:\tmp\arduino_build_557519\core\variant.c.o
 .debug_aranges
                0x00000050       0x28 C:\tmp\arduino_build_557519/core\core.a(startup_stm32XXXXxe.S.o)
 .debug_aranges
                0x00000078       0x20 C:\tmp\arduino_build_557519/core\core.a(hooks.c.o)
 .debug_aranges
                0x00000098       0x30 C:\tmp\arduino_build_557519/core\core.a(stm32_gpio.c.o)
 .debug_aranges
                0x000000c8       0x18 C:\tmp\arduino_build_557519/core\core.a(stm32_pin_list.c.o)
 .debug_aranges
                0x000000e0      0xef0 C:\tmp\arduino_build_557519/core\core.a(stm32XXxx_hal.c.o)
 .debug_aranges
                0x00000fd0      0x388 C:\tmp\arduino_build_557519/core\core.a(stm32XXxx_hal_ex.c.o)
 .debug_aranges
                0x00001358       0x30 C:\tmp\arduino_build_557519/core\core.a(system_stm32XXxx.c.o)
 .debug_aranges
                0x00001388      0x120 C:\tmp\arduino_build_557519/core\core.a(Print.cpp.o)
 .debug_aranges
                0x000014a8       0x30 C:\tmp\arduino_build_557519/core\core.a(main.cpp.o)
 .debug_aranges
                0x000014d8       0xb8 C:\tmp\arduino_build_557519/core\core.a(HardwareSerial.cpp.o)
 .debug_aranges
                0x00001590       0x80 C:\tmp\arduino_build_557519/core\core.a(stm32_PWM.c.o)
 .debug_aranges
                0x00001610       0xe0 C:\tmp\arduino_build_557519/core\core.a(stm32_gpio_af.c.o)
 .debug_aranges
                0x000016f0       0x28 C:\tmp\arduino_build_557519/core\core.a(stm32_gpio_af_F1.c.o)
 .debug_aranges
                0x00001718       0x30 C:\tmp\arduino_build_557519/core\core.a(stm32_init.c.o)
 .debug_aranges
                0x00001748       0x70 C:\tmp\arduino_build_557519/core\core.a(syscalls.c.o)

.debug_ranges   0x00000000     0x2090
 .debug_ranges  0x00000000       0x38 C:\tmp\arduino_build_557519\sketch\F103R6_Blink.ino.cpp.o
 .debug_ranges  0x00000038       0x48 C:\tmp\arduino_build_557519\core\variant.c.o
 .debug_ranges  0x00000080       0x20 C:\tmp\arduino_build_557519/core\core.a(startup_stm32XXXXxe.S.o)
 .debug_ranges  0x000000a0       0x10 C:\tmp\arduino_build_557519/core\core.a(hooks.c.o)
 .debug_ranges  0x000000b0       0x20 C:\tmp\arduino_build_557519/core\core.a(stm32_gpio.c.o)
 .debug_ranges  0x000000d0     0x14d0 C:\tmp\arduino_build_557519/core\core.a(stm32XXxx_hal.c.o)
 .debug_ranges  0x000015a0      0x4e0 C:\tmp\arduino_build_557519/core\core.a(stm32XXxx_hal_ex.c.o)
 .debug_ranges  0x00001a80       0x20 C:\tmp\arduino_build_557519/core\core.a(system_stm32XXxx.c.o)
 .debug_ranges  0x00001aa0      0x190 C:\tmp\arduino_build_557519/core\core.a(Print.cpp.o)
 .debug_ranges  0x00001c30       0x20 C:\tmp\arduino_build_557519/core\core.a(main.cpp.o)
 .debug_ranges  0x00001c50      0x138 C:\tmp\arduino_build_557519/core\core.a(HardwareSerial.cpp.o)
 .debug_ranges  0x00001d88      0x128 C:\tmp\arduino_build_557519/core\core.a(stm32_PWM.c.o)
 .debug_ranges  0x00001eb0      0x128 C:\tmp\arduino_build_557519/core\core.a(stm32_gpio_af.c.o)
 .debug_ranges  0x00001fd8       0x18 C:\tmp\arduino_build_557519/core\core.a(stm32_gpio_af_F1.c.o)
 .debug_ranges  0x00001ff0       0x40 C:\tmp\arduino_build_557519/core\core.a(stm32_init.c.o)
 .debug_ranges  0x00002030       0x60 C:\tmp\arduino_build_557519/core\core.a(syscalls.c.o)

.debug_line     0x00000000     0xc714
 .debug_line    0x00000000      0x413 C:\tmp\arduino_build_557519\sketch\F103R6_Blink.ino.cpp.o
 .debug_line    0x00000413      0x329 C:\tmp\arduino_build_557519\core\variant.c.o
 .debug_line    0x0000073c       0xad C:\tmp\arduino_build_557519/core\core.a(startup_stm32XXXXxe.S.o)
 .debug_line    0x000007e9       0x67 C:\tmp\arduino_build_557519/core\core.a(hooks.c.o)
 .debug_line    0x00000850      0x356 C:\tmp\arduino_build_557519/core\core.a(stm32_gpio.c.o)
 .debug_line    0x00000ba6      0x20d C:\tmp\arduino_build_557519/core\core.a(stm32_pin_list.c.o)
 .debug_line    0x00000db3     0x780e C:\tmp\arduino_build_557519/core\core.a(stm32XXxx_hal.c.o)
 .debug_line    0x000085c1     0x1b2e C:\tmp\arduino_build_557519/core\core.a(stm32XXxx_hal_ex.c.o)
 .debug_line    0x0000a0ef      0x264 C:\tmp\arduino_build_557519/core\core.a(system_stm32XXxx.c.o)
 .debug_line    0x0000a353      0x708 C:\tmp\arduino_build_557519/core\core.a(Print.cpp.o)
 .debug_line    0x0000aa5b      0x29b C:\tmp\arduino_build_557519/core\core.a(main.cpp.o)
 .debug_line    0x0000acf6      0x66e C:\tmp\arduino_build_557519/core\core.a(HardwareSerial.cpp.o)
 .debug_line    0x0000b364      0x50d C:\tmp\arduino_build_557519/core\core.a(stm32_PWM.c.o)
 .debug_line    0x0000b871      0x59b C:\tmp\arduino_build_557519/core\core.a(stm32_gpio_af.c.o)
 .debug_line    0x0000be0c      0x2b9 C:\tmp\arduino_build_557519/core\core.a(stm32_gpio_af_F1.c.o)
 .debug_line    0x0000c0c5      0x2a1 C:\tmp\arduino_build_557519/core\core.a(stm32_init.c.o)
 .debug_line    0x0000c366      0x3ae C:\tmp\arduino_build_557519/core\core.a(syscalls.c.o)

.debug_str      0x00000000     0x8fdb
 .debug_str     0x00000000      0x4be C:\tmp\arduino_build_557519\sketch\F103R6_Blink.ino.cpp.o
                                0x574 (size before relaxing)
 .debug_str     0x000004be      0x553 C:\tmp\arduino_build_557519\core\variant.c.o
                                0x668 (size before relaxing)
 .debug_str     0x00000a11       0x40 C:\tmp\arduino_build_557519/core\core.a(hooks.c.o)
                                0x10b (size before relaxing)
 .debug_str     0x00000a51      0x144 C:\tmp\arduino_build_557519/core\core.a(stm32_gpio.c.o)
                                0x419 (size before relaxing)
 .debug_str     0x00000b95       0x52 C:\tmp\arduino_build_557519/core\core.a(stm32_pin_list.c.o)
                                0x2b3 (size before relaxing)
 .debug_str     0x00000be7     0x4d1e C:\tmp\arduino_build_557519/core\core.a(stm32XXxx_hal.c.o)
                               0x5724 (size before relaxing)
 .debug_str     0x00005905     0x1258 C:\tmp\arduino_build_557519/core\core.a(stm32XXxx_hal_ex.c.o)
                               0x28dd (size before relaxing)
 .debug_str     0x00006b5d       0x8f C:\tmp\arduino_build_557519/core\core.a(system_stm32XXxx.c.o)
                                0x2fb (size before relaxing)
 .debug_str     0x00006bec     0x109c C:\tmp\arduino_build_557519/core\core.a(Print.cpp.o)
                               0x1507 (size before relaxing)
 .debug_str     0x00007c88       0x5b C:\tmp\arduino_build_557519/core\core.a(main.cpp.o)
                                0x415 (size before relaxing)
 .debug_str     0x00007ce3      0x8a0 C:\tmp\arduino_build_557519/core\core.a(HardwareSerial.cpp.o)
                               0x20a2 (size before relaxing)
 .debug_str     0x00008583      0x1e1 C:\tmp\arduino_build_557519/core\core.a(stm32_PWM.c.o)
                                0xbcb (size before relaxing)
 .debug_str     0x00008764      0x5bc C:\tmp\arduino_build_557519/core\core.a(stm32_gpio_af.c.o)
                                0x9b6 (size before relaxing)
 .debug_str     0x00008d20       0x64 C:\tmp\arduino_build_557519/core\core.a(stm32_gpio_af_F1.c.o)
                                0x3b4 (size before relaxing)
 .debug_str     0x00008d84       0x5f C:\tmp\arduino_build_557519/core\core.a(stm32_init.c.o)
                                0x561 (size before relaxing)
 .debug_str     0x00008de3      0x1f8 C:\tmp\arduino_build_557519/core\core.a(syscalls.c.o)
                                0x4c8 (size before relaxing)

.comment        0x00000000       0x6e
 .comment       0x00000000       0x6e C:\tmp\arduino_build_557519\sketch\F103R6_Blink.ino.cpp.o
                                 0x6f (size before relaxing)
 .comment       0x0000006e       0x6f C:\tmp\arduino_build_557519\core\variant.c.o
 .comment       0x0000006e       0x6f C:\tmp\arduino_build_557519/core\core.a(hooks.c.o)
 .comment       0x0000006e       0x6f C:\tmp\arduino_build_557519/core\core.a(stm32_gpio.c.o)
 .comment       0x0000006e       0x6f C:\tmp\arduino_build_557519/core\core.a(stm32_pin_list.c.o)
 .comment       0x0000006e       0x6f C:\tmp\arduino_build_557519/core\core.a(stm32XXxx_hal.c.o)
 .comment       0x0000006e       0x6f C:\tmp\arduino_build_557519/core\core.a(stm32XXxx_hal_ex.c.o)
 .comment       0x0000006e       0x6f C:\tmp\arduino_build_557519/core\core.a(system_stm32XXxx.c.o)
 .comment       0x0000006e       0x6f C:\tmp\arduino_build_557519/core\core.a(Print.cpp.o)
 .comment       0x0000006e       0x6f C:\tmp\arduino_build_557519/core\core.a(main.cpp.o)
 .comment       0x0000006e       0x6f C:\tmp\arduino_build_557519/core\core.a(HardwareSerial.cpp.o)
 .comment       0x0000006e       0x6f C:\tmp\arduino_build_557519/core\core.a(stm32_PWM.c.o)
 .comment       0x0000006e       0x6f C:\tmp\arduino_build_557519/core\core.a(stm32_gpio_af.c.o)
 .comment       0x0000006e       0x6f C:\tmp\arduino_build_557519/core\core.a(stm32_gpio_af_F1.c.o)
 .comment       0x0000006e       0x6f C:\tmp\arduino_build_557519/core\core.a(stm32_init.c.o)
 .comment       0x0000006e       0x6f C:\tmp\arduino_build_557519/core\core.a(syscalls.c.o)

.debug_frame    0x00000000     0x4ea4
 .debug_frame   0x00000000       0x68 C:\tmp\arduino_build_557519\sketch\F103R6_Blink.ino.cpp.o
 .debug_frame   0x00000068       0x2c C:\tmp\arduino_build_557519\core\variant.c.o
 .debug_frame   0x00000094       0x20 C:\tmp\arduino_build_557519/core\core.a(hooks.c.o)
 .debug_frame   0x000000b4       0x68 C:\tmp\arduino_build_557519/core\core.a(stm32_gpio.c.o)
 .debug_frame   0x0000011c     0x3474 C:\tmp\arduino_build_557519/core\core.a(stm32XXxx_hal.c.o)
 .debug_frame   0x00003590      0xb78 C:\tmp\arduino_build_557519/core\core.a(stm32XXxx_hal_ex.c.o)
 .debug_frame   0x00004108       0x48 C:\tmp\arduino_build_557519/core\core.a(system_stm32XXxx.c.o)
 .debug_frame   0x00004150      0x418 C:\tmp\arduino_build_557519/core\core.a(Print.cpp.o)
 .debug_frame   0x00004568       0x58 C:\tmp\arduino_build_557519/core\core.a(main.cpp.o)
 .debug_frame   0x000045c0      0x1a8 C:\tmp\arduino_build_557519/core\core.a(HardwareSerial.cpp.o)
 .debug_frame   0x00004768      0x13c C:\tmp\arduino_build_557519/core\core.a(stm32_PWM.c.o)
 .debug_frame   0x000048a4      0x22c C:\tmp\arduino_build_557519/core\core.a(stm32_gpio_af.c.o)
 .debug_frame   0x00004ad0       0x50 C:\tmp\arduino_build_557519/core\core.a(stm32_gpio_af_F1.c.o)
 .debug_frame   0x00004b20       0x60 C:\tmp\arduino_build_557519/core\core.a(stm32_init.c.o)
 .debug_frame   0x00004b80       0x2c c:/users/hw/appdata/local/arduino15/packages/arduino/tools/arm-none-eabi-gcc/5.4.1-2016q2/bin/../lib/gcc/arm-none-eabi/5.4.1/../../../../arm-none-eabi/lib/armv7-m\libc_nano.a(lib_a-init.o)
 .debug_frame   0x00004bac       0x30 c:/users/hw/appdata/local/arduino15/packages/arduino/tools/arm-none-eabi-gcc/5.4.1-2016q2/bin/../lib/gcc/arm-none-eabi/5.4.1/../../../../arm-none-eabi/lib/armv7-m\libc_nano.a(lib_a-malloc.o)
 .debug_frame   0x00004bdc       0x2c c:/users/hw/appdata/local/arduino15/packages/arduino/tools/arm-none-eabi-gcc/5.4.1-2016q2/bin/../lib/gcc/arm-none-eabi/5.4.1/../../../../arm-none-eabi/lib/armv7-m\libc_nano.a(lib_a-nano-mallocr.o)
 .debug_frame   0x00004c08       0x2c c:/users/hw/appdata/local/arduino15/packages/arduino/tools/arm-none-eabi-gcc/5.4.1-2016q2/bin/../lib/gcc/arm-none-eabi/5.4.1/../../../../arm-none-eabi/lib/armv7-m\libc_nano.a(lib_a-sbrkr.o)
 .debug_frame   0x00004c34      0x11c c:/users/hw/appdata/local/arduino15/packages/arduino/tools/arm-none-eabi-gcc/5.4.1-2016q2/bin/../lib/gcc/arm-none-eabi/5.4.1/../../../../arm-none-eabi/lib/armv7-m\libc_nano.a(lib_a-findfp.o)
 .debug_frame   0x00004d50       0x30 c:/users/hw/appdata/local/arduino15/packages/arduino/tools/arm-none-eabi-gcc/5.4.1-2016q2/bin/../lib/gcc/arm-none-eabi/5.4.1/../../../../arm-none-eabi/lib/armv7-m\libc_nano.a(lib_a-mlock.o)
 .debug_frame   0x00004d80       0x5c c:/users/hw/appdata/local/arduino15/packages/arduino/tools/arm-none-eabi-gcc/5.4.1-2016q2/bin/../lib/gcc/arm-none-eabi/5.4.1/../../../../arm-none-eabi/lib/armv7-m\libc_nano.a(lib_a-reent.o)
 .debug_frame   0x00004ddc       0xc8 C:\tmp\arduino_build_557519/core\core.a(syscalls.c.o)

Cross Reference Table

Symbol                                            File
ADC1_2_IRQHandler                                 C:\tmp\arduino_build_557519/core\core.a(startup_stm32XXXXxe.S.o)
ADC_ConversionStop_Disable                        C:\tmp\arduino_build_557519/core\core.a(stm32XXxx_hal.c.o)
                                                  C:\tmp\arduino_build_557519/core\core.a(stm32XXxx_hal_ex.c.o)
ADC_DMAConvCplt                                   C:\tmp\arduino_build_557519/core\core.a(stm32XXxx_hal.c.o)
                                                  C:\tmp\arduino_build_557519/core\core.a(stm32XXxx_hal_ex.c.o)
ADC_DMAError                                      C:\tmp\arduino_build_557519/core\core.a(stm32XXxx_hal.c.o)
                                                  C:\tmp\arduino_build_557519/core\core.a(stm32XXxx_hal_ex.c.o)
ADC_DMAHalfConvCplt                               C:\tmp\arduino_build_557519/core\core.a(stm32XXxx_hal.c.o)
                                                  C:\tmp\arduino_build_557519/core\core.a(stm32XXxx_hal_ex.c.o)
ADC_Enable                                        C:\tmp\arduino_build_557519/core\core.a(stm32XXxx_hal.c.o)
                                                  C:\tmp\arduino_build_557519/core\core.a(stm32XXxx_hal_ex.c.o)
AHBPrescTable                                     C:\tmp\arduino_build_557519/core\core.a(system_stm32XXxx.c.o)
                                                  C:\tmp\arduino_build_557519/core\core.a(stm32XXxx_hal.c.o)
APBPrescTable                                     C:\tmp\arduino_build_557519/core\core.a(system_stm32XXxx.c.o)
                                                  C:\tmp\arduino_build_557519/core\core.a(stm32XXxx_hal.c.o)
BusFault_Handler                                  C:\tmp\arduino_build_557519/core\core.a(startup_stm32XXXXxe.S.o)
CAN1_RX1_IRQHandler                               C:\tmp\arduino_build_557519/core\core.a(startup_stm32XXXXxe.S.o)
CAN1_SCE_IRQHandler                               C:\tmp\arduino_build_557519/core\core.a(startup_stm32XXXXxe.S.o)
DMA1_Channel1_IRQHandler                          C:\tmp\arduino_build_557519/core\core.a(startup_stm32XXXXxe.S.o)
DMA1_Channel2_IRQHandler                          C:\tmp\arduino_build_557519/core\core.a(startup_stm32XXXXxe.S.o)
DMA1_Channel3_IRQHandler                          C:\tmp\arduino_build_557519/core\core.a(startup_stm32XXXXxe.S.o)
DMA1_Channel4_IRQHandler                          C:\tmp\arduino_build_557519/core\core.a(startup_stm32XXXXxe.S.o)
DMA1_Channel5_IRQHandler                          C:\tmp\arduino_build_557519/core\core.a(startup_stm32XXXXxe.S.o)
DMA1_Channel6_IRQHandler                          C:\tmp\arduino_build_557519/core\core.a(startup_stm32XXXXxe.S.o)
DMA1_Channel7_IRQHandler                          C:\tmp\arduino_build_557519/core\core.a(startup_stm32XXXXxe.S.o)
DebugMon_Handler                                  C:\tmp\arduino_build_557519/core\core.a(startup_stm32XXXXxe.S.o)
Default_Handler                                   C:\tmp\arduino_build_557519/core\core.a(startup_stm32XXXXxe.S.o)
EXTI0_IRQHandler                                  C:\tmp\arduino_build_557519/core\core.a(startup_stm32XXXXxe.S.o)
EXTI15_10_IRQHandler                              C:\tmp\arduino_build_557519/core\core.a(startup_stm32XXXXxe.S.o)
EXTI1_IRQHandler                                  C:\tmp\arduino_build_557519/core\core.a(startup_stm32XXXXxe.S.o)
EXTI2_IRQHandler                                  C:\tmp\arduino_build_557519/core\core.a(startup_stm32XXXXxe.S.o)
EXTI3_IRQHandler                                  C:\tmp\arduino_build_557519/core\core.a(startup_stm32XXXXxe.S.o)
EXTI4_IRQHandler                                  C:\tmp\arduino_build_557519/core\core.a(startup_stm32XXXXxe.S.o)
EXTI9_5_IRQHandler                                C:\tmp\arduino_build_557519/core\core.a(startup_stm32XXXXxe.S.o)
Error_Handler                                     C:\tmp\arduino_build_557519/core\core.a(hooks.c.o)
FLASH_IRQHandler                                  C:\tmp\arduino_build_557519/core\core.a(startup_stm32XXXXxe.S.o)
FLASH_PageErase                                   C:\tmp\arduino_build_557519/core\core.a(stm32XXxx_hal_ex.c.o)
                                                  C:\tmp\arduino_build_557519/core\core.a(stm32XXxx_hal.c.o)
FLASH_WaitForLastOperation                        C:\tmp\arduino_build_557519/core\core.a(stm32XXxx_hal.c.o)
                                                  C:\tmp\arduino_build_557519/core\core.a(stm32XXxx_hal_ex.c.o)
HAL_ADCEx_Calibration_Start                       C:\tmp\arduino_build_557519/core\core.a(stm32XXxx_hal_ex.c.o)
HAL_ADCEx_InjectedConfigChannel                   C:\tmp\arduino_build_557519/core\core.a(stm32XXxx_hal_ex.c.o)
HAL_ADCEx_InjectedConvCpltCallback                C:\tmp\arduino_build_557519/core\core.a(stm32XXxx_hal_ex.c.o)
                                                  C:\tmp\arduino_build_557519/core\core.a(stm32XXxx_hal.c.o)
HAL_ADCEx_InjectedGetValue                        C:\tmp\arduino_build_557519/core\core.a(stm32XXxx_hal_ex.c.o)
HAL_ADCEx_InjectedPollForConversion               C:\tmp\arduino_build_557519/core\core.a(stm32XXxx_hal_ex.c.o)
HAL_ADCEx_InjectedStart                           C:\tmp\arduino_build_557519/core\core.a(stm32XXxx_hal_ex.c.o)
HAL_ADCEx_InjectedStart_IT                        C:\tmp\arduino_build_557519/core\core.a(stm32XXxx_hal_ex.c.o)
HAL_ADCEx_InjectedStop                            C:\tmp\arduino_build_557519/core\core.a(stm32XXxx_hal_ex.c.o)
HAL_ADCEx_InjectedStop_IT                         C:\tmp\arduino_build_557519/core\core.a(stm32XXxx_hal_ex.c.o)
HAL_ADCEx_MultiModeConfigChannel                  C:\tmp\arduino_build_557519/core\core.a(stm32XXxx_hal_ex.c.o)
HAL_ADCEx_MultiModeGetValue                       C:\tmp\arduino_build_557519/core\core.a(stm32XXxx_hal_ex.c.o)
HAL_ADCEx_MultiModeStart_DMA                      C:\tmp\arduino_build_557519/core\core.a(stm32XXxx_hal_ex.c.o)
HAL_ADCEx_MultiModeStop_DMA                       C:\tmp\arduino_build_557519/core\core.a(stm32XXxx_hal_ex.c.o)
HAL_ADC_AnalogWDGConfig                           C:\tmp\arduino_build_557519/core\core.a(stm32XXxx_hal.c.o)
HAL_ADC_ConfigChannel                             C:\tmp\arduino_build_557519/core\core.a(stm32XXxx_hal.c.o)
HAL_ADC_ConvCpltCallback                          C:\tmp\arduino_build_557519/core\core.a(stm32XXxx_hal.c.o)
HAL_ADC_ConvHalfCpltCallback                      C:\tmp\arduino_build_557519/core\core.a(stm32XXxx_hal.c.o)
HAL_ADC_DeInit                                    C:\tmp\arduino_build_557519/core\core.a(stm32XXxx_hal.c.o)
HAL_ADC_ErrorCallback                             C:\tmp\arduino_build_557519/core\core.a(stm32XXxx_hal.c.o)
HAL_ADC_GetError                                  C:\tmp\arduino_build_557519/core\core.a(stm32XXxx_hal.c.o)
HAL_ADC_GetState                                  C:\tmp\arduino_build_557519/core\core.a(stm32XXxx_hal.c.o)
HAL_ADC_GetValue                                  C:\tmp\arduino_build_557519/core\core.a(stm32XXxx_hal.c.o)
HAL_ADC_IRQHandler                                C:\tmp\arduino_build_557519/core\core.a(stm32XXxx_hal.c.o)
HAL_ADC_Init                                      C:\tmp\arduino_build_557519/core\core.a(stm32XXxx_hal.c.o)
HAL_ADC_LevelOutOfWindowCallback                  C:\tmp\arduino_build_557519/core\core.a(stm32XXxx_hal.c.o)
HAL_ADC_MspDeInit                                 C:\tmp\arduino_build_557519/core\core.a(stm32XXxx_hal.c.o)
HAL_ADC_MspInit                                   C:\tmp\arduino_build_557519/core\core.a(stm32XXxx_hal.c.o)
HAL_ADC_PollForConversion                         C:\tmp\arduino_build_557519/core\core.a(stm32XXxx_hal.c.o)
HAL_ADC_PollForEvent                              C:\tmp\arduino_build_557519/core\core.a(stm32XXxx_hal.c.o)
HAL_ADC_Start                                     C:\tmp\arduino_build_557519/core\core.a(stm32XXxx_hal.c.o)
HAL_ADC_Start_DMA                                 C:\tmp\arduino_build_557519/core\core.a(stm32XXxx_hal.c.o)
HAL_ADC_Start_IT                                  C:\tmp\arduino_build_557519/core\core.a(stm32XXxx_hal.c.o)
HAL_ADC_Stop                                      C:\tmp\arduino_build_557519/core\core.a(stm32XXxx_hal.c.o)
HAL_ADC_Stop_DMA                                  C:\tmp\arduino_build_557519/core\core.a(stm32XXxx_hal.c.o)
HAL_ADC_Stop_IT                                   C:\tmp\arduino_build_557519/core\core.a(stm32XXxx_hal.c.o)
HAL_CAN_ConfigFilter                              C:\tmp\arduino_build_557519/core\core.a(stm32XXxx_hal.c.o)
HAL_CAN_DeInit                                    C:\tmp\arduino_build_557519/core\core.a(stm32XXxx_hal.c.o)
HAL_CAN_ErrorCallback                             C:\tmp\arduino_build_557519/core\core.a(stm32XXxx_hal.c.o)
HAL_CAN_GetError                                  C:\tmp\arduino_build_557519/core\core.a(stm32XXxx_hal.c.o)
HAL_CAN_GetState                                  C:\tmp\arduino_build_557519/core\core.a(stm32XXxx_hal.c.o)
HAL_CAN_IRQHandler                                C:\tmp\arduino_build_557519/core\core.a(stm32XXxx_hal.c.o)
HAL_CAN_Init                                      C:\tmp\arduino_build_557519/core\core.a(stm32XXxx_hal.c.o)
HAL_CAN_MspDeInit                                 C:\tmp\arduino_build_557519/core\core.a(stm32XXxx_hal.c.o)
HAL_CAN_MspInit                                   C:\tmp\arduino_build_557519/core\core.a(stm32XXxx_hal.c.o)
HAL_CAN_Receive                                   C:\tmp\arduino_build_557519/core\core.a(stm32XXxx_hal.c.o)
HAL_CAN_Receive_IT                                C:\tmp\arduino_build_557519/core\core.a(stm32XXxx_hal.c.o)
HAL_CAN_RxCpltCallback                            C:\tmp\arduino_build_557519/core\core.a(stm32XXxx_hal.c.o)
HAL_CAN_Sleep                                     C:\tmp\arduino_build_557519/core\core.a(stm32XXxx_hal.c.o)
HAL_CAN_Transmit                                  C:\tmp\arduino_build_557519/core\core.a(stm32XXxx_hal.c.o)
HAL_CAN_Transmit_IT                               C:\tmp\arduino_build_557519/core\core.a(stm32XXxx_hal.c.o)
HAL_CAN_TxCpltCallback                            C:\tmp\arduino_build_557519/core\core.a(stm32XXxx_hal.c.o)
HAL_CAN_WakeUp                                    C:\tmp\arduino_build_557519/core\core.a(stm32XXxx_hal.c.o)
HAL_CRC_Accumulate                                C:\tmp\arduino_build_557519/core\core.a(stm32XXxx_hal.c.o)
HAL_CRC_Calculate                                 C:\tmp\arduino_build_557519/core\core.a(stm32XXxx_hal.c.o)
HAL_CRC_DeInit                                    C:\tmp\arduino_build_557519/core\core.a(stm32XXxx_hal.c.o)
HAL_CRC_GetState                                  C:\tmp\arduino_build_557519/core\core.a(stm32XXxx_hal.c.o)
HAL_CRC_Init                                      C:\tmp\arduino_build_557519/core\core.a(stm32XXxx_hal.c.o)
HAL_CRC_MspDeInit                                 C:\tmp\arduino_build_557519/core\core.a(stm32XXxx_hal.c.o)
HAL_CRC_MspInit                                   C:\tmp\arduino_build_557519/core\core.a(stm32XXxx_hal.c.o)
HAL_DBGMCU_DisableDBGSleepMode                    C:\tmp\arduino_build_557519/core\core.a(stm32XXxx_hal.c.o)
HAL_DBGMCU_DisableDBGStandbyMode                  C:\tmp\arduino_build_557519/core\core.a(stm32XXxx_hal.c.o)
HAL_DBGMCU_DisableDBGStopMode                     C:\tmp\arduino_build_557519/core\core.a(stm32XXxx_hal.c.o)
HAL_DBGMCU_EnableDBGSleepMode                     C:\tmp\arduino_build_557519/core\core.a(stm32XXxx_hal.c.o)
HAL_DBGMCU_EnableDBGStandbyMode                   C:\tmp\arduino_build_557519/core\core.a(stm32XXxx_hal.c.o)
HAL_DBGMCU_EnableDBGStopMode                      C:\tmp\arduino_build_557519/core\core.a(stm32XXxx_hal.c.o)
HAL_DMA_Abort                                     C:\tmp\arduino_build_557519/core\core.a(stm32XXxx_hal.c.o)
                                                  C:\tmp\arduino_build_557519/core\core.a(stm32XXxx_hal_ex.c.o)
HAL_DMA_Abort_IT                                  C:\tmp\arduino_build_557519/core\core.a(stm32XXxx_hal.c.o)
                                                  C:\tmp\arduino_build_557519/core\core.a(stm32XXxx_hal_ex.c.o)
HAL_DMA_DeInit                                    C:\tmp\arduino_build_557519/core\core.a(stm32XXxx_hal.c.o)
HAL_DMA_GetError                                  C:\tmp\arduino_build_557519/core\core.a(stm32XXxx_hal.c.o)
HAL_DMA_GetState                                  C:\tmp\arduino_build_557519/core\core.a(stm32XXxx_hal.c.o)
HAL_DMA_IRQHandler                                C:\tmp\arduino_build_557519/core\core.a(stm32XXxx_hal.c.o)
HAL_DMA_Init                                      C:\tmp\arduino_build_557519/core\core.a(stm32XXxx_hal.c.o)
HAL_DMA_PollForTransfer                           C:\tmp\arduino_build_557519/core\core.a(stm32XXxx_hal.c.o)
HAL_DMA_RegisterCallback                          C:\tmp\arduino_build_557519/core\core.a(stm32XXxx_hal.c.o)
HAL_DMA_Start                                     C:\tmp\arduino_build_557519/core\core.a(stm32XXxx_hal.c.o)
HAL_DMA_Start_IT                                  C:\tmp\arduino_build_557519/core\core.a(stm32XXxx_hal.c.o)
                                                  C:\tmp\arduino_build_557519/core\core.a(stm32XXxx_hal_ex.c.o)
HAL_DMA_UnRegisterCallback                        C:\tmp\arduino_build_557519/core\core.a(stm32XXxx_hal.c.o)
HAL_DeInit                                        C:\tmp\arduino_build_557519/core\core.a(stm32XXxx_hal.c.o)
HAL_Delay                                         C:\tmp\arduino_build_557519/core\core.a(stm32XXxx_hal.c.o)
HAL_FLASHEx_Erase                                 C:\tmp\arduino_build_557519/core\core.a(stm32XXxx_hal_ex.c.o)
HAL_FLASHEx_Erase_IT                              C:\tmp\arduino_build_557519/core\core.a(stm32XXxx_hal_ex.c.o)
HAL_FLASHEx_OBErase                               C:\tmp\arduino_build_557519/core\core.a(stm32XXxx_hal_ex.c.o)
HAL_FLASHEx_OBGetConfig                           C:\tmp\arduino_build_557519/core\core.a(stm32XXxx_hal_ex.c.o)
HAL_FLASHEx_OBGetUserData                         C:\tmp\arduino_build_557519/core\core.a(stm32XXxx_hal_ex.c.o)
HAL_FLASHEx_OBProgram                             C:\tmp\arduino_build_557519/core\core.a(stm32XXxx_hal_ex.c.o)
HAL_FLASH_EndOfOperationCallback                  C:\tmp\arduino_build_557519/core\core.a(stm32XXxx_hal.c.o)
HAL_FLASH_GetError                                C:\tmp\arduino_build_557519/core\core.a(stm32XXxx_hal.c.o)
HAL_FLASH_IRQHandler                              C:\tmp\arduino_build_557519/core\core.a(stm32XXxx_hal.c.o)
HAL_FLASH_Lock                                    C:\tmp\arduino_build_557519/core\core.a(stm32XXxx_hal.c.o)
HAL_FLASH_OB_Launch                               C:\tmp\arduino_build_557519/core\core.a(stm32XXxx_hal.c.o)
HAL_FLASH_OB_Lock                                 C:\tmp\arduino_build_557519/core\core.a(stm32XXxx_hal.c.o)
HAL_FLASH_OB_Unlock                               C:\tmp\arduino_build_557519/core\core.a(stm32XXxx_hal.c.o)
HAL_FLASH_OperationErrorCallback                  C:\tmp\arduino_build_557519/core\core.a(stm32XXxx_hal.c.o)
HAL_FLASH_Program                                 C:\tmp\arduino_build_557519/core\core.a(stm32XXxx_hal.c.o)
HAL_FLASH_Program_IT                              C:\tmp\arduino_build_557519/core\core.a(stm32XXxx_hal.c.o)
HAL_FLASH_Unlock                                  C:\tmp\arduino_build_557519/core\core.a(stm32XXxx_hal.c.o)
HAL_GPIOEx_ConfigEventout                         C:\tmp\arduino_build_557519/core\core.a(stm32XXxx_hal_ex.c.o)
HAL_GPIOEx_DisableEventout                        C:\tmp\arduino_build_557519/core\core.a(stm32XXxx_hal_ex.c.o)
HAL_GPIOEx_EnableEventout                         C:\tmp\arduino_build_557519/core\core.a(stm32XXxx_hal_ex.c.o)
HAL_GPIO_DeInit                                   C:\tmp\arduino_build_557519/core\core.a(stm32XXxx_hal.c.o)
HAL_GPIO_EXTI_Callback                            C:\tmp\arduino_build_557519/core\core.a(stm32XXxx_hal.c.o)
HAL_GPIO_EXTI_IRQHandler                          C:\tmp\arduino_build_557519/core\core.a(stm32XXxx_hal.c.o)
HAL_GPIO_Init                                     C:\tmp\arduino_build_557519/core\core.a(stm32XXxx_hal.c.o)
                                                  C:\tmp\arduino_build_557519/core\core.a(stm32_gpio_af_F1.c.o)
                                                  C:\tmp\arduino_build_557519/core\core.a(stm32_gpio.c.o)
HAL_GPIO_LockPin                                  C:\tmp\arduino_build_557519/core\core.a(stm32XXxx_hal.c.o)
HAL_GPIO_ReadPin                                  C:\tmp\arduino_build_557519/core\core.a(stm32XXxx_hal.c.o)
HAL_GPIO_TogglePin                                C:\tmp\arduino_build_557519/core\core.a(stm32XXxx_hal.c.o)
HAL_GPIO_WritePin                                 C:\tmp\arduino_build_557519/core\core.a(stm32XXxx_hal.c.o)
HAL_GetDEVID                                      C:\tmp\arduino_build_557519/core\core.a(stm32XXxx_hal.c.o)
HAL_GetHalVersion                                 C:\tmp\arduino_build_557519/core\core.a(stm32XXxx_hal.c.o)
HAL_GetREVID                                      C:\tmp\arduino_build_557519/core\core.a(stm32XXxx_hal.c.o)
HAL_GetTick                                       C:\tmp\arduino_build_557519/core\core.a(stm32XXxx_hal.c.o)
                                                  C:\tmp\arduino_build_557519/core\core.a(stm32XXxx_hal_ex.c.o)
                                                  C:\tmp\arduino_build_557519\sketch\F103R6_Blink.ino.cpp.o
HAL_GetTickFreq                                   C:\tmp\arduino_build_557519/core\core.a(stm32XXxx_hal.c.o)
HAL_GetTickPrio                                   C:\tmp\arduino_build_557519/core\core.a(stm32XXxx_hal.c.o)
HAL_GetUID                                        C:\tmp\arduino_build_557519/core\core.a(stm32XXxx_hal.c.o)
HAL_HalfDuplex_EnableReceiver                     C:\tmp\arduino_build_557519/core\core.a(stm32XXxx_hal.c.o)
HAL_HalfDuplex_EnableTransmitter                  C:\tmp\arduino_build_557519/core\core.a(stm32XXxx_hal.c.o)
HAL_HalfDuplex_Init                               C:\tmp\arduino_build_557519/core\core.a(stm32XXxx_hal.c.o)
HAL_I2C_AbortCpltCallback                         C:\tmp\arduino_build_557519/core\core.a(stm32XXxx_hal.c.o)
HAL_I2C_AddrCallback                              C:\tmp\arduino_build_557519/core\core.a(stm32XXxx_hal.c.o)
HAL_I2C_DeInit                                    C:\tmp\arduino_build_557519/core\core.a(stm32XXxx_hal.c.o)
HAL_I2C_DisableListen_IT                          C:\tmp\arduino_build_557519/core\core.a(stm32XXxx_hal.c.o)
HAL_I2C_ER_IRQHandler                             C:\tmp\arduino_build_557519/core\core.a(stm32XXxx_hal.c.o)
HAL_I2C_EV_IRQHandler                             C:\tmp\arduino_build_557519/core\core.a(stm32XXxx_hal.c.o)
HAL_I2C_EnableListen_IT                           C:\tmp\arduino_build_557519/core\core.a(stm32XXxx_hal.c.o)
HAL_I2C_ErrorCallback                             C:\tmp\arduino_build_557519/core\core.a(stm32XXxx_hal.c.o)
HAL_I2C_GetError                                  C:\tmp\arduino_build_557519/core\core.a(stm32XXxx_hal.c.o)
HAL_I2C_GetMode                                   C:\tmp\arduino_build_557519/core\core.a(stm32XXxx_hal.c.o)
HAL_I2C_GetState                                  C:\tmp\arduino_build_557519/core\core.a(stm32XXxx_hal.c.o)
HAL_I2C_Init                                      C:\tmp\arduino_build_557519/core\core.a(stm32XXxx_hal.c.o)
HAL_I2C_IsDeviceReady                             C:\tmp\arduino_build_557519/core\core.a(stm32XXxx_hal.c.o)
HAL_I2C_ListenCpltCallback                        C:\tmp\arduino_build_557519/core\core.a(stm32XXxx_hal.c.o)
HAL_I2C_MasterRxCpltCallback                      C:\tmp\arduino_build_557519/core\core.a(stm32XXxx_hal.c.o)
HAL_I2C_MasterTxCpltCallback                      C:\tmp\arduino_build_557519/core\core.a(stm32XXxx_hal.c.o)
HAL_I2C_Master_Abort_IT                           C:\tmp\arduino_build_557519/core\core.a(stm32XXxx_hal.c.o)
HAL_I2C_Master_Receive                            C:\tmp\arduino_build_557519/core\core.a(stm32XXxx_hal.c.o)
HAL_I2C_Master_Receive_DMA                        C:\tmp\arduino_build_557519/core\core.a(stm32XXxx_hal.c.o)
HAL_I2C_Master_Receive_IT                         C:\tmp\arduino_build_557519/core\core.a(stm32XXxx_hal.c.o)
HAL_I2C_Master_Sequential_Receive_IT              C:\tmp\arduino_build_557519/core\core.a(stm32XXxx_hal.c.o)
HAL_I2C_Master_Sequential_Transmit_IT             C:\tmp\arduino_build_557519/core\core.a(stm32XXxx_hal.c.o)
HAL_I2C_Master_Transmit                           C:\tmp\arduino_build_557519/core\core.a(stm32XXxx_hal.c.o)
HAL_I2C_Master_Transmit_DMA                       C:\tmp\arduino_build_557519/core\core.a(stm32XXxx_hal.c.o)
HAL_I2C_Master_Transmit_IT                        C:\tmp\arduino_build_557519/core\core.a(stm32XXxx_hal.c.o)
HAL_I2C_MemRxCpltCallback                         C:\tmp\arduino_build_557519/core\core.a(stm32XXxx_hal.c.o)
HAL_I2C_MemTxCpltCallback                         C:\tmp\arduino_build_557519/core\core.a(stm32XXxx_hal.c.o)
HAL_I2C_Mem_Read                                  C:\tmp\arduino_build_557519/core\core.a(stm32XXxx_hal.c.o)
HAL_I2C_Mem_Read_DMA                              C:\tmp\arduino_build_557519/core\core.a(stm32XXxx_hal.c.o)
HAL_I2C_Mem_Read_IT                               C:\tmp\arduino_build_557519/core\core.a(stm32XXxx_hal.c.o)
HAL_I2C_Mem_Write                                 C:\tmp\arduino_build_557519/core\core.a(stm32XXxx_hal.c.o)
HAL_I2C_Mem_Write_DMA                             C:\tmp\arduino_build_557519/core\core.a(stm32XXxx_hal.c.o)
HAL_I2C_Mem_Write_IT                              C:\tmp\arduino_build_557519/core\core.a(stm32XXxx_hal.c.o)
HAL_I2C_MspDeInit                                 C:\tmp\arduino_build_557519/core\core.a(stm32XXxx_hal.c.o)
HAL_I2C_MspInit                                   C:\tmp\arduino_build_557519/core\core.a(stm32XXxx_hal.c.o)
HAL_I2C_SlaveRxCpltCallback                       C:\tmp\arduino_build_557519/core\core.a(stm32XXxx_hal.c.o)
HAL_I2C_SlaveTxCpltCallback                       C:\tmp\arduino_build_557519/core\core.a(stm32XXxx_hal.c.o)
HAL_I2C_Slave_Receive                             C:\tmp\arduino_build_557519/core\core.a(stm32XXxx_hal.c.o)
HAL_I2C_Slave_Receive_DMA                         C:\tmp\arduino_build_557519/core\core.a(stm32XXxx_hal.c.o)
HAL_I2C_Slave_Receive_IT                          C:\tmp\arduino_build_557519/core\core.a(stm32XXxx_hal.c.o)
HAL_I2C_Slave_Sequential_Receive_IT               C:\tmp\arduino_build_557519/core\core.a(stm32XXxx_hal.c.o)
HAL_I2C_Slave_Sequential_Transmit_IT              C:\tmp\arduino_build_557519/core\core.a(stm32XXxx_hal.c.o)
HAL_I2C_Slave_Transmit                            C:\tmp\arduino_build_557519/core\core.a(stm32XXxx_hal.c.o)
HAL_I2C_Slave_Transmit_DMA                        C:\tmp\arduino_build_557519/core\core.a(stm32XXxx_hal.c.o)
HAL_I2C_Slave_Transmit_IT                         C:\tmp\arduino_build_557519/core\core.a(stm32XXxx_hal.c.o)
HAL_IRDA_Abort                                    C:\tmp\arduino_build_557519/core\core.a(stm32XXxx_hal.c.o)
HAL_IRDA_AbortCpltCallback                        C:\tmp\arduino_build_557519/core\core.a(stm32XXxx_hal.c.o)
HAL_IRDA_AbortReceive                             C:\tmp\arduino_build_557519/core\core.a(stm32XXxx_hal.c.o)
HAL_IRDA_AbortReceiveCpltCallback                 C:\tmp\arduino_build_557519/core\core.a(stm32XXxx_hal.c.o)
HAL_IRDA_AbortReceive_IT                          C:\tmp\arduino_build_557519/core\core.a(stm32XXxx_hal.c.o)
HAL_IRDA_AbortTransmit                            C:\tmp\arduino_build_557519/core\core.a(stm32XXxx_hal.c.o)
HAL_IRDA_AbortTransmitCpltCallback                C:\tmp\arduino_build_557519/core\core.a(stm32XXxx_hal.c.o)
HAL_IRDA_AbortTransmit_IT                         C:\tmp\arduino_build_557519/core\core.a(stm32XXxx_hal.c.o)
HAL_IRDA_Abort_IT                                 C:\tmp\arduino_build_557519/core\core.a(stm32XXxx_hal.c.o)
HAL_IRDA_DMAPause                                 C:\tmp\arduino_build_557519/core\core.a(stm32XXxx_hal.c.o)
HAL_IRDA_DMAResume                                C:\tmp\arduino_build_557519/core\core.a(stm32XXxx_hal.c.o)
HAL_IRDA_DMAStop                                  C:\tmp\arduino_build_557519/core\core.a(stm32XXxx_hal.c.o)
HAL_IRDA_DeInit                                   C:\tmp\arduino_build_557519/core\core.a(stm32XXxx_hal.c.o)
HAL_IRDA_ErrorCallback                            C:\tmp\arduino_build_557519/core\core.a(stm32XXxx_hal.c.o)
HAL_IRDA_GetError                                 C:\tmp\arduino_build_557519/core\core.a(stm32XXxx_hal.c.o)
HAL_IRDA_GetState                                 C:\tmp\arduino_build_557519/core\core.a(stm32XXxx_hal.c.o)
HAL_IRDA_IRQHandler                               C:\tmp\arduino_build_557519/core\core.a(stm32XXxx_hal.c.o)
HAL_IRDA_Init                                     C:\tmp\arduino_build_557519/core\core.a(stm32XXxx_hal.c.o)
HAL_IRDA_MspDeInit                                C:\tmp\arduino_build_557519/core\core.a(stm32XXxx_hal.c.o)
HAL_IRDA_MspInit                                  C:\tmp\arduino_build_557519/core\core.a(stm32XXxx_hal.c.o)
HAL_IRDA_Receive                                  C:\tmp\arduino_build_557519/core\core.a(stm32XXxx_hal.c.o)
HAL_IRDA_Receive_DMA                              C:\tmp\arduino_build_557519/core\core.a(stm32XXxx_hal.c.o)
HAL_IRDA_Receive_IT                               C:\tmp\arduino_build_557519/core\core.a(stm32XXxx_hal.c.o)
HAL_IRDA_RxCpltCallback                           C:\tmp\arduino_build_557519/core\core.a(stm32XXxx_hal.c.o)
HAL_IRDA_RxHalfCpltCallback                       C:\tmp\arduino_build_557519/core\core.a(stm32XXxx_hal.c.o)
HAL_IRDA_Transmit                                 C:\tmp\arduino_build_557519/core\core.a(stm32XXxx_hal.c.o)
HAL_IRDA_Transmit_DMA                             C:\tmp\arduino_build_557519/core\core.a(stm32XXxx_hal.c.o)
HAL_IRDA_Transmit_IT                              C:\tmp\arduino_build_557519/core\core.a(stm32XXxx_hal.c.o)
HAL_IRDA_TxCpltCallback                           C:\tmp\arduino_build_557519/core\core.a(stm32XXxx_hal.c.o)
HAL_IRDA_TxHalfCpltCallback                       C:\tmp\arduino_build_557519/core\core.a(stm32XXxx_hal.c.o)
HAL_IWDG_Init                                     C:\tmp\arduino_build_557519/core\core.a(stm32XXxx_hal.c.o)
HAL_IWDG_Refresh                                  C:\tmp\arduino_build_557519/core\core.a(stm32XXxx_hal.c.o)
HAL_IncTick                                       C:\tmp\arduino_build_557519/core\core.a(stm32XXxx_hal.c.o)
                                                  C:\tmp\arduino_build_557519/core\core.a(stm32_init.c.o)
HAL_Init                                          C:\tmp\arduino_build_557519/core\core.a(stm32XXxx_hal.c.o)
                                                  C:\tmp\arduino_build_557519/core\core.a(stm32_init.c.o)
HAL_InitTick                                      C:\tmp\arduino_build_557519/core\core.a(stm32XXxx_hal.c.o)
HAL_LIN_Init                                      C:\tmp\arduino_build_557519/core\core.a(stm32XXxx_hal.c.o)
HAL_LIN_SendBreak                                 C:\tmp\arduino_build_557519/core\core.a(stm32XXxx_hal.c.o)
HAL_MspDeInit                                     C:\tmp\arduino_build_557519/core\core.a(stm32XXxx_hal.c.o)
HAL_MspInit                                       C:\tmp\arduino_build_557519/core\core.a(stm32_init.c.o)
                                                  C:\tmp\arduino_build_557519/core\core.a(stm32XXxx_hal.c.o)
HAL_MultiProcessor_EnterMuteMode                  C:\tmp\arduino_build_557519/core\core.a(stm32XXxx_hal.c.o)
HAL_MultiProcessor_ExitMuteMode                   C:\tmp\arduino_build_557519/core\core.a(stm32XXxx_hal.c.o)
HAL_MultiProcessor_Init                           C:\tmp\arduino_build_557519/core\core.a(stm32XXxx_hal.c.o)
HAL_NVIC_ClearPendingIRQ                          C:\tmp\arduino_build_557519/core\core.a(stm32XXxx_hal_ex.c.o)
HAL_NVIC_DisableIRQ                               C:\tmp\arduino_build_557519/core\core.a(stm32XXxx_hal_ex.c.o)
                                                  C:\tmp\arduino_build_557519/core\core.a(HardwareSerial.cpp.o)
HAL_NVIC_EnableIRQ                                C:\tmp\arduino_build_557519/core\core.a(stm32XXxx_hal_ex.c.o)
                                                  C:\tmp\arduino_build_557519/core\core.a(stm32_PWM.c.o)
                                                  C:\tmp\arduino_build_557519/core\core.a(HardwareSerial.cpp.o)
HAL_NVIC_GetActive                                C:\tmp\arduino_build_557519/core\core.a(stm32XXxx_hal_ex.c.o)
HAL_NVIC_GetPendingIRQ                            C:\tmp\arduino_build_557519/core\core.a(stm32XXxx_hal_ex.c.o)
HAL_NVIC_GetPriority                              C:\tmp\arduino_build_557519/core\core.a(stm32XXxx_hal_ex.c.o)
HAL_NVIC_GetPriorityGrouping                      C:\tmp\arduino_build_557519/core\core.a(stm32XXxx_hal_ex.c.o)
HAL_NVIC_SetPendingIRQ                            C:\tmp\arduino_build_557519/core\core.a(stm32XXxx_hal_ex.c.o)
HAL_NVIC_SetPriority                              C:\tmp\arduino_build_557519/core\core.a(stm32XXxx_hal_ex.c.o)
                                                  C:\tmp\arduino_build_557519/core\core.a(stm32_init.c.o)
                                                  C:\tmp\arduino_build_557519/core\core.a(stm32_PWM.c.o)
                                                  C:\tmp\arduino_build_557519/core\core.a(HardwareSerial.cpp.o)
                                                  C:\tmp\arduino_build_557519/core\core.a(stm32XXxx_hal.c.o)
                                                  C:\tmp\arduino_build_557519\core\variant.c.o
HAL_NVIC_SetPriorityGrouping                      C:\tmp\arduino_build_557519/core\core.a(stm32XXxx_hal_ex.c.o)
                                                  C:\tmp\arduino_build_557519/core\core.a(stm32_init.c.o)
                                                  C:\tmp\arduino_build_557519/core\core.a(stm32XXxx_hal.c.o)
HAL_NVIC_SystemReset                              C:\tmp\arduino_build_557519/core\core.a(stm32XXxx_hal_ex.c.o)
                                                  C:\tmp\arduino_build_557519/core\core.a(stm32XXxx_hal.c.o)
HAL_PCDEx_PMAConfig                               C:\tmp\arduino_build_557519/core\core.a(stm32XXxx_hal_ex.c.o)
HAL_PCDEx_SetConnectionState                      C:\tmp\arduino_build_557519/core\core.a(stm32XXxx_hal_ex.c.o)
                                                  C:\tmp\arduino_build_557519/core\core.a(stm32XXxx_hal.c.o)
HAL_PCD_ActivateRemoteWakeup                      C:\tmp\arduino_build_557519/core\core.a(stm32XXxx_hal.c.o)
HAL_PCD_ConnectCallback                           C:\tmp\arduino_build_557519/core\core.a(stm32XXxx_hal.c.o)
HAL_PCD_DataInStageCallback                       C:\tmp\arduino_build_557519/core\core.a(stm32XXxx_hal.c.o)
HAL_PCD_DataOutStageCallback                      C:\tmp\arduino_build_557519/core\core.a(stm32XXxx_hal.c.o)
HAL_PCD_DeActivateRemoteWakeup                    C:\tmp\arduino_build_557519/core\core.a(stm32XXxx_hal.c.o)
HAL_PCD_DeInit                                    C:\tmp\arduino_build_557519/core\core.a(stm32XXxx_hal.c.o)
HAL_PCD_DevConnect                                C:\tmp\arduino_build_557519/core\core.a(stm32XXxx_hal.c.o)
HAL_PCD_DevDisconnect                             C:\tmp\arduino_build_557519/core\core.a(stm32XXxx_hal.c.o)
HAL_PCD_DisconnectCallback                        C:\tmp\arduino_build_557519/core\core.a(stm32XXxx_hal.c.o)
HAL_PCD_EP_Close                                  C:\tmp\arduino_build_557519/core\core.a(stm32XXxx_hal.c.o)
HAL_PCD_EP_ClrStall                               C:\tmp\arduino_build_557519/core\core.a(stm32XXxx_hal.c.o)
HAL_PCD_EP_Flush                                  C:\tmp\arduino_build_557519/core\core.a(stm32XXxx_hal.c.o)
HAL_PCD_EP_GetRxCount                             C:\tmp\arduino_build_557519/core\core.a(stm32XXxx_hal.c.o)
HAL_PCD_EP_Open                                   C:\tmp\arduino_build_557519/core\core.a(stm32XXxx_hal.c.o)
HAL_PCD_EP_Receive                                C:\tmp\arduino_build_557519/core\core.a(stm32XXxx_hal.c.o)
HAL_PCD_EP_SetStall                               C:\tmp\arduino_build_557519/core\core.a(stm32XXxx_hal.c.o)
HAL_PCD_EP_Transmit                               C:\tmp\arduino_build_557519/core\core.a(stm32XXxx_hal.c.o)
HAL_PCD_GetState                                  C:\tmp\arduino_build_557519/core\core.a(stm32XXxx_hal.c.o)
HAL_PCD_IRQHandler                                C:\tmp\arduino_build_557519/core\core.a(stm32XXxx_hal.c.o)
HAL_PCD_ISOINIncompleteCallback                   C:\tmp\arduino_build_557519/core\core.a(stm32XXxx_hal.c.o)
HAL_PCD_ISOOUTIncompleteCallback                  C:\tmp\arduino_build_557519/core\core.a(stm32XXxx_hal.c.o)
HAL_PCD_Init                                      C:\tmp\arduino_build_557519/core\core.a(stm32XXxx_hal.c.o)
HAL_PCD_MspDeInit                                 C:\tmp\arduino_build_557519/core\core.a(stm32XXxx_hal.c.o)
HAL_PCD_MspInit                                   C:\tmp\arduino_build_557519/core\core.a(stm32XXxx_hal.c.o)
HAL_PCD_ResetCallback                             C:\tmp\arduino_build_557519/core\core.a(stm32XXxx_hal.c.o)
HAL_PCD_ResumeCallback                            C:\tmp\arduino_build_557519/core\core.a(stm32XXxx_hal.c.o)
HAL_PCD_SOFCallback                               C:\tmp\arduino_build_557519/core\core.a(stm32XXxx_hal.c.o)
HAL_PCD_SetAddress                                C:\tmp\arduino_build_557519/core\core.a(stm32XXxx_hal.c.o)
HAL_PCD_SetupStageCallback                        C:\tmp\arduino_build_557519/core\core.a(stm32XXxx_hal.c.o)
HAL_PCD_Start                                     C:\tmp\arduino_build_557519/core\core.a(stm32XXxx_hal.c.o)
HAL_PCD_Stop                                      C:\tmp\arduino_build_557519/core\core.a(stm32XXxx_hal.c.o)
HAL_PCD_SuspendCallback                           C:\tmp\arduino_build_557519/core\core.a(stm32XXxx_hal.c.o)
HAL_PWR_ConfigPVD                                 C:\tmp\arduino_build_557519/core\core.a(stm32XXxx_hal.c.o)
HAL_PWR_DeInit                                    C:\tmp\arduino_build_557519/core\core.a(stm32XXxx_hal.c.o)
HAL_PWR_DisableBkUpAccess                         C:\tmp\arduino_build_557519/core\core.a(stm32XXxx_hal.c.o)
HAL_PWR_DisablePVD                                C:\tmp\arduino_build_557519/core\core.a(stm32XXxx_hal.c.o)
HAL_PWR_DisableSEVOnPend                          C:\tmp\arduino_build_557519/core\core.a(stm32XXxx_hal.c.o)
HAL_PWR_DisableSleepOnExit                        C:\tmp\arduino_build_557519/core\core.a(stm32XXxx_hal.c.o)
HAL_PWR_DisableWakeUpPin                          C:\tmp\arduino_build_557519/core\core.a(stm32XXxx_hal.c.o)
HAL_PWR_EnableBkUpAccess                          C:\tmp\arduino_build_557519/core\core.a(stm32XXxx_hal.c.o)
HAL_PWR_EnablePVD                                 C:\tmp\arduino_build_557519/core\core.a(stm32XXxx_hal.c.o)
HAL_PWR_EnableSEVOnPend                           C:\tmp\arduino_build_557519/core\core.a(stm32XXxx_hal.c.o)
HAL_PWR_EnableSleepOnExit                         C:\tmp\arduino_build_557519/core\core.a(stm32XXxx_hal.c.o)
HAL_PWR_EnableWakeUpPin                           C:\tmp\arduino_build_557519/core\core.a(stm32XXxx_hal.c.o)
HAL_PWR_EnterSLEEPMode                            C:\tmp\arduino_build_557519/core\core.a(stm32XXxx_hal.c.o)
HAL_PWR_EnterSTANDBYMode                          C:\tmp\arduino_build_557519/core\core.a(stm32XXxx_hal.c.o)
HAL_PWR_EnterSTOPMode                             C:\tmp\arduino_build_557519/core\core.a(stm32XXxx_hal.c.o)
HAL_PWR_PVDCallback                               C:\tmp\arduino_build_557519/core\core.a(stm32XXxx_hal.c.o)
HAL_PWR_PVD_IRQHandler                            C:\tmp\arduino_build_557519/core\core.a(stm32XXxx_hal.c.o)
HAL_RCCEx_GetPeriphCLKConfig                      C:\tmp\arduino_build_557519/core\core.a(stm32XXxx_hal_ex.c.o)
HAL_RCCEx_GetPeriphCLKFreq                        C:\tmp\arduino_build_557519/core\core.a(stm32XXxx_hal_ex.c.o)
                                                  C:\tmp\arduino_build_557519/core\core.a(stm32XXxx_hal.c.o)
HAL_RCCEx_PeriphCLKConfig                         C:\tmp\arduino_build_557519/core\core.a(stm32XXxx_hal_ex.c.o)
HAL_RCC_CSSCallback                               C:\tmp\arduino_build_557519/core\core.a(stm32XXxx_hal.c.o)
HAL_RCC_ClockConfig                               C:\tmp\arduino_build_557519/core\core.a(stm32XXxx_hal.c.o)
HAL_RCC_DeInit                                    C:\tmp\arduino_build_557519/core\core.a(stm32XXxx_hal.c.o)
HAL_RCC_DisableCSS                                C:\tmp\arduino_build_557519/core\core.a(stm32XXxx_hal.c.o)
HAL_RCC_EnableCSS                                 C:\tmp\arduino_build_557519/core\core.a(stm32XXxx_hal.c.o)
HAL_RCC_GetClockConfig                            C:\tmp\arduino_build_557519/core\core.a(stm32XXxx_hal.c.o)
HAL_RCC_GetHCLKFreq                               C:\tmp\arduino_build_557519/core\core.a(stm32XXxx_hal.c.o)
HAL_RCC_GetOscConfig                              C:\tmp\arduino_build_557519/core\core.a(stm32XXxx_hal.c.o)
HAL_RCC_GetPCLK1Freq                              C:\tmp\arduino_build_557519/core\core.a(stm32XXxx_hal.c.o)
                                                  C:\tmp\arduino_build_557519/core\core.a(stm32_gpio_af.c.o)
                                                  C:\tmp\arduino_build_557519/core\core.a(stm32XXxx_hal_ex.c.o)
HAL_RCC_GetPCLK2Freq                              C:\tmp\arduino_build_557519/core\core.a(stm32XXxx_hal.c.o)
                                                  C:\tmp\arduino_build_557519/core\core.a(stm32_gpio_af.c.o)
                                                  C:\tmp\arduino_build_557519/core\core.a(stm32_PWM.c.o)
                                                  C:\tmp\arduino_build_557519/core\core.a(stm32XXxx_hal_ex.c.o)
HAL_RCC_GetSysClockFreq                           C:\tmp\arduino_build_557519/core\core.a(stm32XXxx_hal.c.o)
HAL_RCC_MCOConfig                                 C:\tmp\arduino_build_557519/core\core.a(stm32XXxx_hal.c.o)
HAL_RCC_NMI_IRQHandler                            C:\tmp\arduino_build_557519/core\core.a(stm32XXxx_hal.c.o)
HAL_RCC_OscConfig                                 C:\tmp\arduino_build_557519/core\core.a(stm32XXxx_hal.c.o)
HAL_RTCEx_BKUPRead                                C:\tmp\arduino_build_557519/core\core.a(stm32XXxx_hal_ex.c.o)
HAL_RTCEx_BKUPWrite                               C:\tmp\arduino_build_557519/core\core.a(stm32XXxx_hal_ex.c.o)
HAL_RTCEx_DeactivateSecond                        C:\tmp\arduino_build_557519/core\core.a(stm32XXxx_hal_ex.c.o)
HAL_RTCEx_DeactivateTamper                        C:\tmp\arduino_build_557519/core\core.a(stm32XXxx_hal_ex.c.o)
HAL_RTCEx_PollForTamper1Event                     C:\tmp\arduino_build_557519/core\core.a(stm32XXxx_hal_ex.c.o)
HAL_RTCEx_RTCEventCallback                        C:\tmp\arduino_build_557519/core\core.a(stm32XXxx_hal_ex.c.o)
HAL_RTCEx_RTCEventErrorCallback                   C:\tmp\arduino_build_557519/core\core.a(stm32XXxx_hal_ex.c.o)
HAL_RTCEx_RTCIRQHandler                           C:\tmp\arduino_build_557519/core\core.a(stm32XXxx_hal_ex.c.o)
HAL_RTCEx_SetSecond_IT                            C:\tmp\arduino_build_557519/core\core.a(stm32XXxx_hal_ex.c.o)
HAL_RTCEx_SetSmoothCalib                          C:\tmp\arduino_build_557519/core\core.a(stm32XXxx_hal_ex.c.o)
HAL_RTCEx_SetTamper                               C:\tmp\arduino_build_557519/core\core.a(stm32XXxx_hal_ex.c.o)
HAL_RTCEx_SetTamper_IT                            C:\tmp\arduino_build_557519/core\core.a(stm32XXxx_hal_ex.c.o)
HAL_RTCEx_Tamper1EventCallback                    C:\tmp\arduino_build_557519/core\core.a(stm32XXxx_hal_ex.c.o)
HAL_RTCEx_TamperIRQHandler                        C:\tmp\arduino_build_557519/core\core.a(stm32XXxx_hal_ex.c.o)
HAL_RTC_AlarmAEventCallback                       C:\tmp\arduino_build_557519/core\core.a(stm32XXxx_hal.c.o)
HAL_RTC_AlarmIRQHandler                           C:\tmp\arduino_build_557519/core\core.a(stm32XXxx_hal.c.o)
HAL_RTC_DeInit                                    C:\tmp\arduino_build_557519/core\core.a(stm32XXxx_hal.c.o)
HAL_RTC_DeactivateAlarm                           C:\tmp\arduino_build_557519/core\core.a(stm32XXxx_hal.c.o)
HAL_RTC_GetAlarm                                  C:\tmp\arduino_build_557519/core\core.a(stm32XXxx_hal.c.o)